[0.795s] Invoking command in '/home/mich-amu/uaows/src/J2D2/Microproyecto_ws/src/camara_pkg': DEBUGINFOD_URLS=https://debuginfod.ubuntu.com PYTHONPATH=/home/mich-amu/uaows/src/J2D2/Microproyecto_ws/build/camara_pkg/prefix_override:/usr/lib/python3/dist-packages/colcon_core/task/python/colcon_distutils_commands:/home/mich-amu/uaows/src/J2D2/Microproyecto_ws/install/camara_pkg/lib/python3.12/site-packages:${PYTHONPATH} /usr/bin/python3 -W ignore:setup.py install is deprecated -W ignore:easy_install command is deprecated setup.py egg_info --egg-base ../../build/camara_pkg build --build-base /home/mich-amu/uaows/src/J2D2/Microproyecto_ws/build/camara_pkg/build install --record /home/mich-amu/uaows/src/J2D2/Microproyecto_ws/build/camara_pkg/install.log --single-version-externally-managed install_data
[1.059s] running egg_info
[1.080s] writing ../../build/camara_pkg/camara_pkg.egg-info/PKG-INFO
[1.080s] writing dependency_links to ../../build/camara_pkg/camara_pkg.egg-info/dependency_links.txt
[1.080s] writing entry points to ../../build/camara_pkg/camara_pkg.egg-info/entry_points.txt
[1.080s] writing requirements to ../../build/camara_pkg/camara_pkg.egg-info/requires.txt
[1.081s] writing top-level names to ../../build/camara_pkg/camara_pkg.egg-info/top_level.txt
[1.123s] reading manifest file '../../build/camara_pkg/camara_pkg.egg-info/SOURCES.txt'
[1.124s] writing manifest file '../../build/camara_pkg/camara_pkg.egg-info/SOURCES.txt'
[1.124s] running build
[1.124s] running build_py
[1.124s] copying camara_pkg/guidos.py -> /home/mich-amu/uaows/src/J2D2/Microproyecto_ws/build/camara_pkg/build/lib/camara_pkg
[1.126s] copying camara_pkg/mqtt_bridge_node.py -> /home/mich-amu/uaows/src/J2D2/Microproyecto_ws/build/camara_pkg/build/lib/camara_pkg
[1.126s] running install
[1.132s] running install_lib
[1.153s] copying /home/mich-amu/uaows/src/J2D2/Microproyecto_ws/build/camara_pkg/build/lib/camara_pkg/guidos.py -> /home/mich-amu/uaows/src/J2D2/Microproyecto_ws/install/camara_pkg/lib/python3.12/site-packages/camara_pkg
[1.153s] copying /home/mich-amu/uaows/src/J2D2/Microproyecto_ws/build/camara_pkg/build/lib/camara_pkg/mqtt_bridge_node.py -> /home/mich-amu/uaows/src/J2D2/Microproyecto_ws/install/camara_pkg/lib/python3.12/site-packages/camara_pkg
[1.154s] byte-compiling /home/mich-amu/uaows/src/J2D2/Microproyecto_ws/install/camara_pkg/lib/python3.12/site-packages/camara_pkg/guidos.py to guidos.cpython-312.pyc
[1.157s] byte-compiling /home/mich-amu/uaows/src/J2D2/Microproyecto_ws/install/camara_pkg/lib/python3.12/site-packages/camara_pkg/mqtt_bridge_node.py to mqtt_bridge_node.cpython-312.pyc
[1.158s] running install_data
[1.159s] running install_egg_info
[1.181s] Copying ../../build/camara_pkg/camara_pkg.egg-info to /home/mich-amu/uaows/src/J2D2/Microproyecto_ws/install/camara_pkg/lib/python3.12/site-packages/camara_pkg-1.0.0-py3.12.egg-info
[1.182s] running install_scripts
[1.313s] Installing camara_node script to /home/mich-amu/uaows/src/J2D2/Microproyecto_ws/install/camara_pkg/lib/camara_pkg
[1.314s] Installing camera_gui_node script to /home/mich-amu/uaows/src/J2D2/Microproyecto_ws/install/camara_pkg/lib/camara_pkg
[1.314s] Installing guidos script to /home/mich-amu/uaows/src/J2D2/Microproyecto_ws/install/camara_pkg/lib/camara_pkg
[1.314s] Installing movemotors script to /home/mich-amu/uaows/src/J2D2/Microproyecto_ws/install/camara_pkg/lib/camara_pkg
[1.314s] Installing mqtt_bridge_node script to /home/mich-amu/uaows/src/J2D2/Microproyecto_ws/install/camara_pkg/lib/camara_pkg
[1.314s] Installing salvatore_mqtt_bridge script to /home/mich-amu/uaows/src/J2D2/Microproyecto_ws/install/camara_pkg/lib/camara_pkg
[1.314s] Installing teleop script to /home/mich-amu/uaows/src/J2D2/Microproyecto_ws/install/camara_pkg/lib/camara_pkg
[1.315s] writing list of installed files to '/home/mich-amu/uaows/src/J2D2/Microproyecto_ws/build/camara_pkg/install.log'
[1.341s] Invoked command in '/home/mich-amu/uaows/src/J2D2/Microproyecto_ws/src/camara_pkg' returned '0': DEBUGINFOD_URLS=https://debuginfod.ubuntu.com PYTHONPATH=/home/mich-amu/uaows/src/J2D2/Microproyecto_ws/build/camara_pkg/prefix_override:/usr/lib/python3/dist-packages/colcon_core/task/python/colcon_distutils_commands:/home/mich-amu/uaows/src/J2D2/Microproyecto_ws/install/camara_pkg/lib/python3.12/site-packages:${PYTHONPATH} /usr/bin/python3 -W ignore:setup.py install is deprecated -W ignore:easy_install command is deprecated setup.py egg_info --egg-base ../../build/camara_pkg build --build-base /home/mich-amu/uaows/src/J2D2/Microproyecto_ws/build/camara_pkg/build install --record /home/mich-amu/uaows/src/J2D2/Microproyecto_ws/build/camara_pkg/install.log --single-version-externally-managed install_data
