/home/jean/Microporyecto_ws/src/install/camara_pkg/lib/python3.10/site-packages/camara_pkg/guidos.py
/home/jean/Microporyecto_ws/src/install/camara_pkg/lib/python3.10/site-packages/camara_pkg/camera_gui_node.py
/home/jean/Microporyecto_ws/src/install/camara_pkg/lib/python3.10/site-packages/camara_pkg/movemotors.py
/home/jean/Microporyecto_ws/src/install/camara_pkg/lib/python3.10/site-packages/camara_pkg/camara_node.py
/home/jean/Microporyecto_ws/src/install/camara_pkg/lib/python3.10/site-packages/camara_pkg/__init__.py
/home/jean/Microporyecto_ws/src/install/camara_pkg/lib/python3.10/site-packages/camara_pkg/teleop.py
/home/jean/Microporyecto_ws/src/install/camara_pkg/lib/python3.10/site-packages/camara_pkg/__pycache__/guidos.cpython-310.pyc
/home/jean/Microporyecto_ws/src/install/camara_pkg/lib/python3.10/site-packages/camara_pkg/__pycache__/camera_gui_node.cpython-310.pyc
/home/jean/Microporyecto_ws/src/install/camara_pkg/lib/python3.10/site-packages/camara_pkg/__pycache__/movemotors.cpython-310.pyc
/home/jean/Microporyecto_ws/src/install/camara_pkg/lib/python3.10/site-packages/camara_pkg/__pycache__/camara_node.cpython-310.pyc
/home/jean/Microporyecto_ws/src/install/camara_pkg/lib/python3.10/site-packages/camara_pkg/__pycache__/__init__.cpython-310.pyc
/home/jean/Microporyecto_ws/src/install/camara_pkg/lib/python3.10/site-packages/camara_pkg/__pycache__/teleop.cpython-310.pyc
/home/jean/Microporyecto_ws/src/install/camara_pkg/share/ament_index/resource_index/packages/camara_pkg
/home/jean/Microporyecto_ws/src/install/camara_pkg/share/camara_pkg/package.xml
/home/jean/Microporyecto_ws/src/install/camara_pkg/share/camara_pkg/launch/micro.launch.py
/home/jean/Microporyecto_ws/src/install/camara_pkg/share/camara_pkg/launch/display.launch
/home/jean/Microporyecto_ws/src/install/camara_pkg/share/camara_pkg/launch/gazebo.launch
/home/jean/Microporyecto_ws/src/install/camara_pkg/share/camara_pkg/urdf/turtlesimm.urdf
/home/jean/Microporyecto_ws/src/install/camara_pkg/share/camara_pkg/urdf
/home/jean/Microporyecto_ws/src/install/camara_pkg/share/camara_pkg/meshes/base_link.STL
/home/jean/Microporyecto_ws/src/install/camara_pkg/share/camara_pkg/meshes/Motorizq_Link.STL
/home/jean/Microporyecto_ws/src/install/camara_pkg/share/camara_pkg/meshes/Motorder_Link.STL
/home/jean/Microporyecto_ws/src/install/camara_pkg/share/camara_pkg/meshes
/home/jean/Microporyecto_ws/src/install/camara_pkg/share/camara_pkg/config
/home/jean/Microporyecto_ws/src/install/camara_pkg/share/camara_pkg/config/joint_names_turtlesimm.yaml
/home/jean/Microporyecto_ws/src/install/camara_pkg/lib/python3.10/site-packages/camara_pkg-0.0.0-py3.10.egg-info/PKG-INFO
/home/jean/Microporyecto_ws/src/install/camara_pkg/lib/python3.10/site-packages/camara_pkg-0.0.0-py3.10.egg-info/dependency_links.txt
/home/jean/Microporyecto_ws/src/install/camara_pkg/lib/python3.10/site-packages/camara_pkg-0.0.0-py3.10.egg-info/zip-safe
/home/jean/Microporyecto_ws/src/install/camara_pkg/lib/python3.10/site-packages/camara_pkg-0.0.0-py3.10.egg-info/top_level.txt
/home/jean/Microporyecto_ws/src/install/camara_pkg/lib/python3.10/site-packages/camara_pkg-0.0.0-py3.10.egg-info/SOURCES.txt
/home/jean/Microporyecto_ws/src/install/camara_pkg/lib/python3.10/site-packages/camara_pkg-0.0.0-py3.10.egg-info/entry_points.txt
/home/jean/Microporyecto_ws/src/install/camara_pkg/lib/python3.10/site-packages/camara_pkg-0.0.0-py3.10.egg-info/requires.txt
/home/jean/Microporyecto_ws/src/install/camara_pkg/lib/camara_pkg/camara_node
/home/jean/Microporyecto_ws/src/install/camara_pkg/lib/camara_pkg/camera_gui_node
/home/jean/Microporyecto_ws/src/install/camara_pkg/lib/camara_pkg/guidos
/home/jean/Microporyecto_ws/src/install/camara_pkg/lib/camara_pkg/movemotors
/home/jean/Microporyecto_ws/src/install/camara_pkg/lib/camara_pkg/salvatore_mqtt_bridge
/home/jean/Microporyecto_ws/src/install/camara_pkg/lib/camara_pkg/teleop
