[0.826s] Invoking command in '/home/mich-amu/uaows/src/J2D2/Microproyecto_ws/src/camara_pkg': DEBUGINFOD_URLS=https://debuginfod.ubuntu.com PYTHONPATH=/home/mich-amu/uaows/src/J2D2/Microproyecto_ws/src/build/camara_pkg/prefix_override:/usr/lib/python3/dist-packages/colcon_core/task/python/colcon_distutils_commands:/home/mich-amu/uaows/src/J2D2/Microproyecto_ws/src/install/camara_pkg/lib/python3.12/site-packages:${PYTHONPATH} /usr/bin/python3 -W ignore:setup.py install is deprecated -W ignore:easy_install command is deprecated setup.py egg_info --egg-base ../build/camara_pkg build --build-base /home/mich-amu/uaows/src/J2D2/Microproyecto_ws/src/build/camara_pkg/build install --record /home/mich-amu/uaows/src/J2D2/Microproyecto_ws/src/build/camara_pkg/install.log --single-version-externally-managed install_data
[1.095s] running egg_info
[1.117s] writing ../build/camara_pkg/camara_pkg.egg-info/PKG-INFO
[1.117s] writing dependency_links to ../build/camara_pkg/camara_pkg.egg-info/dependency_links.txt
[1.117s] writing entry points to ../build/camara_pkg/camara_pkg.egg-info/entry_points.txt
[1.117s] writing requirements to ../build/camara_pkg/camara_pkg.egg-info/requires.txt
[1.117s] writing top-level names to ../build/camara_pkg/camara_pkg.egg-info/top_level.txt
[1.160s] reading manifest file '../build/camara_pkg/camara_pkg.egg-info/SOURCES.txt'
[1.161s] writing manifest file '../build/camara_pkg/camara_pkg.egg-info/SOURCES.txt'
[1.161s] running build
[1.162s] running build_py
[1.162s] copying camara_pkg/guidos.py -> /home/mich-amu/uaows/src/J2D2/Microproyecto_ws/src/build/camara_pkg/build/lib/camara_pkg
[1.162s] running install
[1.168s] running install_lib
[1.188s] copying /home/mich-amu/uaows/src/J2D2/Microproyecto_ws/src/build/camara_pkg/build/lib/camara_pkg/guidos.py -> /home/mich-amu/uaows/src/J2D2/Microproyecto_ws/src/install/camara_pkg/lib/python3.12/site-packages/camara_pkg
[1.189s] byte-compiling /home/mich-amu/uaows/src/J2D2/Microproyecto_ws/src/install/camara_pkg/lib/python3.12/site-packages/camara_pkg/guidos.py to guidos.cpython-312.pyc
[1.192s] running install_data
[1.193s] running install_egg_info
[1.216s] removing '/home/mich-amu/uaows/src/J2D2/Microproyecto_ws/src/install/camara_pkg/lib/python3.12/site-packages/camara_pkg-1.0.0-py3.12.egg-info' (and everything under it)
[1.216s] Copying ../build/camara_pkg/camara_pkg.egg-info to /home/mich-amu/uaows/src/J2D2/Microproyecto_ws/src/install/camara_pkg/lib/python3.12/site-packages/camara_pkg-1.0.0-py3.12.egg-info
[1.217s] running install_scripts
[1.351s] Installing camara_node script to /home/mich-amu/uaows/src/J2D2/Microproyecto_ws/src/install/camara_pkg/lib/camara_pkg
[1.351s] Installing camera_gui_node script to /home/mich-amu/uaows/src/J2D2/Microproyecto_ws/src/install/camara_pkg/lib/camara_pkg
[1.352s] Installing guidos script to /home/mich-amu/uaows/src/J2D2/Microproyecto_ws/src/install/camara_pkg/lib/camara_pkg
[1.352s] Installing movemotors script to /home/mich-amu/uaows/src/J2D2/Microproyecto_ws/src/install/camara_pkg/lib/camara_pkg
[1.352s] Installing mqtt_bridge_node script to /home/mich-amu/uaows/src/J2D2/Microproyecto_ws/src/install/camara_pkg/lib/camara_pkg
[1.352s] Installing salvatore_mqtt_bridge script to /home/mich-amu/uaows/src/J2D2/Microproyecto_ws/src/install/camara_pkg/lib/camara_pkg
[1.352s] Installing teleop script to /home/mich-amu/uaows/src/J2D2/Microproyecto_ws/src/install/camara_pkg/lib/camara_pkg
[1.352s] writing list of installed files to '/home/mich-amu/uaows/src/J2D2/Microproyecto_ws/src/build/camara_pkg/install.log'
[1.379s] Invoked command in '/home/mich-amu/uaows/src/J2D2/Microproyecto_ws/src/camara_pkg' returned '0': DEBUGINFOD_URLS=https://debuginfod.ubuntu.com PYTHONPATH=/home/mich-amu/uaows/src/J2D2/Microproyecto_ws/src/build/camara_pkg/prefix_override:/usr/lib/python3/dist-packages/colcon_core/task/python/colcon_distutils_commands:/home/mich-amu/uaows/src/J2D2/Microproyecto_ws/src/install/camara_pkg/lib/python3.12/site-packages:${PYTHONPATH} /usr/bin/python3 -W ignore:setup.py install is deprecated -W ignore:easy_install command is deprecated setup.py egg_info --egg-base ../build/camara_pkg build --build-base /home/mich-amu/uaows/src/J2D2/Microproyecto_ws/src/build/camara_pkg/build install --record /home/mich-amu/uaows/src/J2D2/Microproyecto_ws/src/build/camara_pkg/install.log --single-version-externally-managed install_data
