running egg_info
creating ../build/camara_pkg/camara_pkg.egg-info
writing ../build/camara_pkg/camara_pkg.egg-info/PKG-INFO
writing dependency_links to ../build/camara_pkg/camara_pkg.egg-info/dependency_links.txt
writing entry points to ../build/camara_pkg/camara_pkg.egg-info/entry_points.txt
writing requirements to ../build/camara_pkg/camara_pkg.egg-info/requires.txt
writing top-level names to ../build/camara_pkg/camara_pkg.egg-info/top_level.txt
writing manifest file '../build/camara_pkg/camara_pkg.egg-info/SOURCES.txt'
reading manifest file '../build/camara_pkg/camara_pkg.egg-info/SOURCES.txt'
writing manifest file '../build/camara_pkg/camara_pkg.egg-info/SOURCES.txt'
running build
running build_py
creating /home/jean/Microporyecto_ws/src/build/camara_pkg/build
creating /home/jean/Microporyecto_ws/src/build/camara_pkg/build/lib
creating /home/jean/Microporyecto_ws/src/build/camara_pkg/build/lib/camara_pkg
copying camara_pkg/guidos.py -> /home/jean/Microporyecto_ws/src/build/camara_pkg/build/lib/camara_pkg
copying camara_pkg/camera_gui_node.py -> /home/jean/Microporyecto_ws/src/build/camara_pkg/build/lib/camara_pkg
copying camara_pkg/movemotors.py -> /home/jean/Microporyecto_ws/src/build/camara_pkg/build/lib/camara_pkg
copying camara_pkg/camara_node.py -> /home/jean/Microporyecto_ws/src/build/camara_pkg/build/lib/camara_pkg
copying camara_pkg/__init__.py -> /home/jean/Microporyecto_ws/src/build/camara_pkg/build/lib/camara_pkg
copying camara_pkg/teleop.py -> /home/jean/Microporyecto_ws/src/build/camara_pkg/build/lib/camara_pkg
running install
running install_lib
creating /home/jean/Microporyecto_ws/src/install/camara_pkg/lib/python3.10/site-packages/camara_pkg
copying /home/jean/Microporyecto_ws/src/build/camara_pkg/build/lib/camara_pkg/guidos.py -> /home/jean/Microporyecto_ws/src/install/camara_pkg/lib/python3.10/site-packages/camara_pkg
copying /home/jean/Microporyecto_ws/src/build/camara_pkg/build/lib/camara_pkg/camera_gui_node.py -> /home/jean/Microporyecto_ws/src/install/camara_pkg/lib/python3.10/site-packages/camara_pkg
copying /home/jean/Microporyecto_ws/src/build/camara_pkg/build/lib/camara_pkg/movemotors.py -> /home/jean/Microporyecto_ws/src/install/camara_pkg/lib/python3.10/site-packages/camara_pkg
copying /home/jean/Microporyecto_ws/src/build/camara_pkg/build/lib/camara_pkg/camara_node.py -> /home/jean/Microporyecto_ws/src/install/camara_pkg/lib/python3.10/site-packages/camara_pkg
copying /home/jean/Microporyecto_ws/src/build/camara_pkg/build/lib/camara_pkg/__init__.py -> /home/jean/Microporyecto_ws/src/install/camara_pkg/lib/python3.10/site-packages/camara_pkg
copying /home/jean/Microporyecto_ws/src/build/camara_pkg/build/lib/camara_pkg/teleop.py -> /home/jean/Microporyecto_ws/src/install/camara_pkg/lib/python3.10/site-packages/camara_pkg
byte-compiling /home/jean/Microporyecto_ws/src/install/camara_pkg/lib/python3.10/site-packages/camara_pkg/guidos.py to guidos.cpython-310.pyc
byte-compiling /home/jean/Microporyecto_ws/src/install/camara_pkg/lib/python3.10/site-packages/camara_pkg/camera_gui_node.py to camera_gui_node.cpython-310.pyc
byte-compiling /home/jean/Microporyecto_ws/src/install/camara_pkg/lib/python3.10/site-packages/camara_pkg/movemotors.py to movemotors.cpython-310.pyc
byte-compiling /home/jean/Microporyecto_ws/src/install/camara_pkg/lib/python3.10/site-packages/camara_pkg/camara_node.py to camara_node.cpython-310.pyc
byte-compiling /home/jean/Microporyecto_ws/src/install/camara_pkg/lib/python3.10/site-packages/camara_pkg/__init__.py to __init__.cpython-310.pyc
byte-compiling /home/jean/Microporyecto_ws/src/install/camara_pkg/lib/python3.10/site-packages/camara_pkg/teleop.py to teleop.cpython-310.pyc
running install_data
creating /home/jean/Microporyecto_ws/src/install/camara_pkg/share/ament_index
creating /home/jean/Microporyecto_ws/src/install/camara_pkg/share/ament_index/resource_index
creating /home/jean/Microporyecto_ws/src/install/camara_pkg/share/ament_index/resource_index/packages
copying resource/camara_pkg -> /home/jean/Microporyecto_ws/src/install/camara_pkg/share/ament_index/resource_index/packages
copying package.xml -> /home/jean/Microporyecto_ws/src/install/camara_pkg/share/camara_pkg
creating /home/jean/Microporyecto_ws/src/install/camara_pkg/share/camara_pkg/launch
copying launch/micro.launch.py -> /home/jean/Microporyecto_ws/src/install/camara_pkg/share/camara_pkg/launch
copying launch/display.launch -> /home/jean/Microporyecto_ws/src/install/camara_pkg/share/camara_pkg/launch
copying launch/gazebo.launch -> /home/jean/Microporyecto_ws/src/install/camara_pkg/share/camara_pkg/launch
creating /home/jean/Microporyecto_ws/src/install/camara_pkg/share/camara_pkg/urdf
copying urdf/turtlesimm.urdf -> /home/jean/Microporyecto_ws/src/install/camara_pkg/share/camara_pkg/urdf
creating /home/jean/Microporyecto_ws/src/install/camara_pkg/share/camara_pkg/meshes
copying meshes/base_link.STL -> /home/jean/Microporyecto_ws/src/install/camara_pkg/share/camara_pkg/meshes
copying meshes/Motorizq_Link.STL -> /home/jean/Microporyecto_ws/src/install/camara_pkg/share/camara_pkg/meshes
copying meshes/Motorder_Link.STL -> /home/jean/Microporyecto_ws/src/install/camara_pkg/share/camara_pkg/meshes
creating /home/jean/Microporyecto_ws/src/install/camara_pkg/share/camara_pkg/config
copying config/joint_names_turtlesimm.yaml -> /home/jean/Microporyecto_ws/src/install/camara_pkg/share/camara_pkg/config
running install_egg_info
Copying ../build/camara_pkg/camara_pkg.egg-info to /home/jean/Microporyecto_ws/src/install/camara_pkg/lib/python3.10/site-packages/camara_pkg-0.0.0-py3.10.egg-info
running install_scripts
Installing camara_node script to /home/jean/Microporyecto_ws/src/install/camara_pkg/lib/camara_pkg
Installing camera_gui_node script to /home/jean/Microporyecto_ws/src/install/camara_pkg/lib/camara_pkg
Installing guidos script to /home/jean/Microporyecto_ws/src/install/camara_pkg/lib/camara_pkg
Installing movemotors script to /home/jean/Microporyecto_ws/src/install/camara_pkg/lib/camara_pkg
Installing salvatore_mqtt_bridge script to /home/jean/Microporyecto_ws/src/install/camara_pkg/lib/camara_pkg
Installing teleop script to /home/jean/Microporyecto_ws/src/install/camara_pkg/lib/camara_pkg
writing list of installed files to '/home/jean/Microporyecto_ws/src/build/camara_pkg/install.log'
