[0.909s] Invoking command in '/home/mich-amu/uaows/src/J2D2/Microproyecto_ws/src/camara_pkg': DEBUGINFOD_URLS=https://debuginfod.ubuntu.com PYTHONPATH=/home/mich-amu/uaows/src/J2D2/Microproyecto_ws/build/camara_pkg/prefix_override:/usr/lib/python3/dist-packages/colcon_core/task/python/colcon_distutils_commands:/home/mich-amu/uaows/src/J2D2/Microproyecto_ws/install/camara_pkg/lib/python3.12/site-packages:${PYTHONPATH} /usr/bin/python3 -W ignore:setup.py install is deprecated -W ignore:easy_install command is deprecated setup.py egg_info --egg-base ../../build/camara_pkg build --build-base /home/mich-amu/uaows/src/J2D2/Microproyecto_ws/build/camara_pkg/build install --record /home/mich-amu/uaows/src/J2D2/Microproyecto_ws/build/camara_pkg/install.log --single-version-externally-managed install_data
[1.159s] running egg_info
[1.159s] creating ../../build/camara_pkg/camara_pkg.egg-info
[1.179s] writing ../../build/camara_pkg/camara_pkg.egg-info/PKG-INFO
[1.179s] writing dependency_links to ../../build/camara_pkg/camara_pkg.egg-info/dependency_links.txt
[1.179s] writing entry points to ../../build/camara_pkg/camara_pkg.egg-info/entry_points.txt
[1.180s] writing requirements to ../../build/camara_pkg/camara_pkg.egg-info/requires.txt
[1.180s] writing top-level names to ../../build/camara_pkg/camara_pkg.egg-info/top_level.txt
[1.180s] writing manifest file '../../build/camara_pkg/camara_pkg.egg-info/SOURCES.txt'
[1.221s] reading manifest file '../../build/camara_pkg/camara_pkg.egg-info/SOURCES.txt'
[1.222s] writing manifest file '../../build/camara_pkg/camara_pkg.egg-info/SOURCES.txt'
[1.222s] running build
[1.222s] running build_py
[1.222s] creating /home/mich-amu/uaows/src/J2D2/Microproyecto_ws/build/camara_pkg/build
[1.222s] creating /home/mich-amu/uaows/src/J2D2/Microproyecto_ws/build/camara_pkg/build/lib
[1.222s] creating /home/mich-amu/uaows/src/J2D2/Microproyecto_ws/build/camara_pkg/build/lib/camara_pkg
[1.222s] copying camara_pkg/movemotors.py -> /home/mich-amu/uaows/src/J2D2/Microproyecto_ws/build/camara_pkg/build/lib/camara_pkg
[1.222s] copying camara_pkg/guidos.py -> /home/mich-amu/uaows/src/J2D2/Microproyecto_ws/build/camara_pkg/build/lib/camara_pkg
[1.224s] copying camara_pkg/teleop.py -> /home/mich-amu/uaows/src/J2D2/Microproyecto_ws/build/camara_pkg/build/lib/camara_pkg
[1.224s] copying camara_pkg/camara_node.py -> /home/mich-amu/uaows/src/J2D2/Microproyecto_ws/build/camara_pkg/build/lib/camara_pkg
[1.224s] copying camara_pkg/camera_gui_node.py -> /home/mich-amu/uaows/src/J2D2/Microproyecto_ws/build/camara_pkg/build/lib/camara_pkg
[1.224s] copying camara_pkg/__init__.py -> /home/mich-amu/uaows/src/J2D2/Microproyecto_ws/build/camara_pkg/build/lib/camara_pkg
[1.225s] running install
[1.230s] running install_lib
[1.250s] creating /home/mich-amu/uaows/src/J2D2/Microproyecto_ws/install/camara_pkg/lib/python3.12/site-packages/camara_pkg
[1.251s] copying /home/mich-amu/uaows/src/J2D2/Microproyecto_ws/build/camara_pkg/build/lib/camara_pkg/movemotors.py -> /home/mich-amu/uaows/src/J2D2/Microproyecto_ws/install/camara_pkg/lib/python3.12/site-packages/camara_pkg
[1.251s] copying /home/mich-amu/uaows/src/J2D2/Microproyecto_ws/build/camara_pkg/build/lib/camara_pkg/guidos.py -> /home/mich-amu/uaows/src/J2D2/Microproyecto_ws/install/camara_pkg/lib/python3.12/site-packages/camara_pkg
[1.251s] copying /home/mich-amu/uaows/src/J2D2/Microproyecto_ws/build/camara_pkg/build/lib/camara_pkg/teleop.py -> /home/mich-amu/uaows/src/J2D2/Microproyecto_ws/install/camara_pkg/lib/python3.12/site-packages/camara_pkg
[1.251s] copying /home/mich-amu/uaows/src/J2D2/Microproyecto_ws/build/camara_pkg/build/lib/camara_pkg/camara_node.py -> /home/mich-amu/uaows/src/J2D2/Microproyecto_ws/install/camara_pkg/lib/python3.12/site-packages/camara_pkg
[1.251s] copying /home/mich-amu/uaows/src/J2D2/Microproyecto_ws/build/camara_pkg/build/lib/camara_pkg/camera_gui_node.py -> /home/mich-amu/uaows/src/J2D2/Microproyecto_ws/install/camara_pkg/lib/python3.12/site-packages/camara_pkg
[1.251s] copying /home/mich-amu/uaows/src/J2D2/Microproyecto_ws/build/camara_pkg/build/lib/camara_pkg/__init__.py -> /home/mich-amu/uaows/src/J2D2/Microproyecto_ws/install/camara_pkg/lib/python3.12/site-packages/camara_pkg
[1.251s] byte-compiling /home/mich-amu/uaows/src/J2D2/Microproyecto_ws/install/camara_pkg/lib/python3.12/site-packages/camara_pkg/movemotors.py to movemotors.cpython-312.pyc
[1.252s] byte-compiling /home/mich-amu/uaows/src/J2D2/Microproyecto_ws/install/camara_pkg/lib/python3.12/site-packages/camara_pkg/guidos.py to guidos.cpython-312.pyc
[1.255s] byte-compiling /home/mich-amu/uaows/src/J2D2/Microproyecto_ws/install/camara_pkg/lib/python3.12/site-packages/camara_pkg/teleop.py to teleop.cpython-312.pyc
[1.257s] byte-compiling /home/mich-amu/uaows/src/J2D2/Microproyecto_ws/install/camara_pkg/lib/python3.12/site-packages/camara_pkg/camara_node.py to camara_node.cpython-312.pyc
[1.257s] byte-compiling /home/mich-amu/uaows/src/J2D2/Microproyecto_ws/install/camara_pkg/lib/python3.12/site-packages/camara_pkg/camera_gui_node.py to camera_gui_node.cpython-312.pyc
[1.258s] byte-compiling /home/mich-amu/uaows/src/J2D2/Microproyecto_ws/install/camara_pkg/lib/python3.12/site-packages/camara_pkg/__init__.py to __init__.cpython-312.pyc
[1.258s] running install_data
[1.258s] creating /home/mich-amu/uaows/src/J2D2/Microproyecto_ws/install/camara_pkg/share/ament_index
[1.259s] creating /home/mich-amu/uaows/src/J2D2/Microproyecto_ws/install/camara_pkg/share/ament_index/resource_index
[1.259s] creating /home/mich-amu/uaows/src/J2D2/Microproyecto_ws/install/camara_pkg/share/ament_index/resource_index/packages
[1.259s] copying resource/camara_pkg -> /home/mich-amu/uaows/src/J2D2/Microproyecto_ws/install/camara_pkg/share/ament_index/resource_index/packages
[1.259s] copying package.xml -> /home/mich-amu/uaows/src/J2D2/Microproyecto_ws/install/camara_pkg/share/camara_pkg
[1.259s] creating /home/mich-amu/uaows/src/J2D2/Microproyecto_ws/install/camara_pkg/share/camara_pkg/launch
[1.259s] copying launch/micro.launch.py -> /home/mich-amu/uaows/src/J2D2/Microproyecto_ws/install/camara_pkg/share/camara_pkg/launch
[1.259s] copying launch/gazebo.launch -> /home/mich-amu/uaows/src/J2D2/Microproyecto_ws/install/camara_pkg/share/camara_pkg/launch
[1.259s] copying launch/display.launch -> /home/mich-amu/uaows/src/J2D2/Microproyecto_ws/install/camara_pkg/share/camara_pkg/launch
[1.259s] creating /home/mich-amu/uaows/src/J2D2/Microproyecto_ws/install/camara_pkg/share/camara_pkg/urdf
[1.259s] copying urdf/turtlesimm.urdf -> /home/mich-amu/uaows/src/J2D2/Microproyecto_ws/install/camara_pkg/share/camara_pkg/urdf
[1.259s] creating /home/mich-amu/uaows/src/J2D2/Microproyecto_ws/install/camara_pkg/share/camara_pkg/meshes
[1.259s] copying meshes/Motorizq_Link.STL -> /home/mich-amu/uaows/src/J2D2/Microproyecto_ws/install/camara_pkg/share/camara_pkg/meshes
[1.259s] copying meshes/base_link.STL -> /home/mich-amu/uaows/src/J2D2/Microproyecto_ws/install/camara_pkg/share/camara_pkg/meshes
[1.261s] copying meshes/Motorder_Link.STL -> /home/mich-amu/uaows/src/J2D2/Microproyecto_ws/install/camara_pkg/share/camara_pkg/meshes
[1.261s] creating /home/mich-amu/uaows/src/J2D2/Microproyecto_ws/install/camara_pkg/share/camara_pkg/config
[1.261s] copying config/joint_names_turtlesimm.yaml -> /home/mich-amu/uaows/src/J2D2/Microproyecto_ws/install/camara_pkg/share/camara_pkg/config
[1.261s] running install_egg_info
[1.283s] Copying ../../build/camara_pkg/camara_pkg.egg-info to /home/mich-amu/uaows/src/J2D2/Microproyecto_ws/install/camara_pkg/lib/python3.12/site-packages/camara_pkg-0.0.0-py3.12.egg-info
[1.283s] running install_scripts
[1.412s] Installing camara_node script to /home/mich-amu/uaows/src/J2D2/Microproyecto_ws/install/camara_pkg/lib/camara_pkg
[1.412s] Installing camera_gui_node script to /home/mich-amu/uaows/src/J2D2/Microproyecto_ws/install/camara_pkg/lib/camara_pkg
[1.413s] Installing guidos script to /home/mich-amu/uaows/src/J2D2/Microproyecto_ws/install/camara_pkg/lib/camara_pkg
[1.413s] Installing movemotors script to /home/mich-amu/uaows/src/J2D2/Microproyecto_ws/install/camara_pkg/lib/camara_pkg
[1.413s] Installing salvatore_mqtt_bridge script to /home/mich-amu/uaows/src/J2D2/Microproyecto_ws/install/camara_pkg/lib/camara_pkg
[1.413s] Installing teleop script to /home/mich-amu/uaows/src/J2D2/Microproyecto_ws/install/camara_pkg/lib/camara_pkg
[1.413s] writing list of installed files to '/home/mich-amu/uaows/src/J2D2/Microproyecto_ws/build/camara_pkg/install.log'
[1.436s] Invoked command in '/home/mich-amu/uaows/src/J2D2/Microproyecto_ws/src/camara_pkg' returned '0': DEBUGINFOD_URLS=https://debuginfod.ubuntu.com PYTHONPATH=/home/mich-amu/uaows/src/J2D2/Microproyecto_ws/build/camara_pkg/prefix_override:/usr/lib/python3/dist-packages/colcon_core/task/python/colcon_distutils_commands:/home/mich-amu/uaows/src/J2D2/Microproyecto_ws/install/camara_pkg/lib/python3.12/site-packages:${PYTHONPATH} /usr/bin/python3 -W ignore:setup.py install is deprecated -W ignore:easy_install command is deprecated setup.py egg_info --egg-base ../../build/camara_pkg build --build-base /home/mich-amu/uaows/src/J2D2/Microproyecto_ws/build/camara_pkg/build install --record /home/mich-amu/uaows/src/J2D2/Microproyecto_ws/build/camara_pkg/install.log --single-version-externally-managed install_data
