[0.857s] Invoking command in '/home/mich-amu/uaows/src/J2D2/Microproyecto_ws/src/camara_pkg/build/camara_pkg': DEBUGINFOD_URLS=https://debuginfod.ubuntu.com PYTHONPATH=/home/mich-amu/uaows/src/J2D2/Microproyecto_ws/src/camara_pkg/build/camara_pkg/prefix_override:/usr/lib/python3/dist-packages/colcon_core/task/python/colcon_distutils_commands:/home/mich-amu/uaows/src/J2D2/Microproyecto_ws/src/camara_pkg/install/camara_pkg/lib/python3.12/site-packages:${PYTHONPATH} /usr/bin/python3 -W ignore:setup.py install is deprecated -W ignore:easy_install command is deprecated setup.py develop --editable --build-directory /home/mich-amu/uaows/src/J2D2/Microproyecto_ws/src/camara_pkg/build/camara_pkg/build --no-deps symlink_data
[1.190s] running develop
[1.413s] running egg_info
[1.436s] writing camara_pkg.egg-info/PKG-INFO
[1.436s] writing dependency_links to camara_pkg.egg-info/dependency_links.txt
[1.436s] writing entry points to camara_pkg.egg-info/entry_points.txt
[1.436s] writing requirements to camara_pkg.egg-info/requires.txt
[1.436s] writing top-level names to camara_pkg.egg-info/top_level.txt
[1.480s] reading manifest file 'camara_pkg.egg-info/SOURCES.txt'
[1.480s] writing manifest file 'camara_pkg.egg-info/SOURCES.txt'
[1.503s] running build_ext
[1.503s] Creating /home/mich-amu/uaows/src/J2D2/Microproyecto_ws/src/camara_pkg/install/camara_pkg/lib/python3.12/site-packages/camara-pkg.egg-link (link to .)
[1.504s] Installing camara_node script to /home/mich-amu/uaows/src/J2D2/Microproyecto_ws/src/camara_pkg/install/camara_pkg/lib/camara_pkg
[1.504s] Installing camera_gui_node script to /home/mich-amu/uaows/src/J2D2/Microproyecto_ws/src/camara_pkg/install/camara_pkg/lib/camara_pkg
[1.504s] Installing guidos script to /home/mich-amu/uaows/src/J2D2/Microproyecto_ws/src/camara_pkg/install/camara_pkg/lib/camara_pkg
[1.504s] Installing movemotors script to /home/mich-amu/uaows/src/J2D2/Microproyecto_ws/src/camara_pkg/install/camara_pkg/lib/camara_pkg
[1.504s] Installing mqtt_bridge_node script to /home/mich-amu/uaows/src/J2D2/Microproyecto_ws/src/camara_pkg/install/camara_pkg/lib/camara_pkg
[1.505s] Installing salvatore_mqtt_bridge script to /home/mich-amu/uaows/src/J2D2/Microproyecto_ws/src/camara_pkg/install/camara_pkg/lib/camara_pkg
[1.505s] Installing teleop script to /home/mich-amu/uaows/src/J2D2/Microproyecto_ws/src/camara_pkg/install/camara_pkg/lib/camara_pkg
[1.505s] 
[1.505s] Installed /home/mich-amu/uaows/src/J2D2/Microproyecto_ws/src/camara_pkg/build/camara_pkg
[1.505s] running symlink_data
[1.537s] Invoked command in '/home/mich-amu/uaows/src/J2D2/Microproyecto_ws/src/camara_pkg/build/camara_pkg' returned '0': DEBUGINFOD_URLS=https://debuginfod.ubuntu.com PYTHONPATH=/home/mich-amu/uaows/src/J2D2/Microproyecto_ws/src/camara_pkg/build/camara_pkg/prefix_override:/usr/lib/python3/dist-packages/colcon_core/task/python/colcon_distutils_commands:/home/mich-amu/uaows/src/J2D2/Microproyecto_ws/src/camara_pkg/install/camara_pkg/lib/python3.12/site-packages:${PYTHONPATH} /usr/bin/python3 -W ignore:setup.py install is deprecated -W ignore:easy_install command is deprecated setup.py develop --editable --build-directory /home/mich-amu/uaows/src/J2D2/Microproyecto_ws/src/camara_pkg/build/camara_pkg/build --no-deps symlink_data
