[1.300s] Invoking command in '/home/mich-amu/uaows/src/J2D2/Microproyecto_ws/src/camara_pkg': DEBUGINFOD_URLS=https://debuginfod.ubuntu.com PYTHONPATH=/home/mich-amu/uaows/src/J2D2/Microproyecto_ws/src/build/camara_pkg/prefix_override:/usr/lib/python3/dist-packages/colcon_core/task/python/colcon_distutils_commands:/home/mich-amu/uaows/src/J2D2/Microproyecto_ws/src/install/camara_pkg/lib/python3.12/site-packages:${PYTHONPATH} /usr/bin/python3 -W ignore:setup.py install is deprecated -W ignore:easy_install command is deprecated setup.py egg_info --egg-base ../build/camara_pkg build --build-base /home/mich-amu/uaows/src/J2D2/Microproyecto_ws/src/build/camara_pkg/build install --record /home/mich-amu/uaows/src/J2D2/Microproyecto_ws/src/build/camara_pkg/install.log --single-version-externally-managed install_data
[1.639s] running egg_info
[1.662s] writing ../build/camara_pkg/camara_pkg.egg-info/PKG-INFO
[1.662s] writing dependency_links to ../build/camara_pkg/camara_pkg.egg-info/dependency_links.txt
[1.663s] writing entry points to ../build/camara_pkg/camara_pkg.egg-info/entry_points.txt
[1.663s] writing requirements to ../build/camara_pkg/camara_pkg.egg-info/requires.txt
[1.663s] writing top-level names to ../build/camara_pkg/camara_pkg.egg-info/top_level.txt
[1.713s] reading manifest file '../build/camara_pkg/camara_pkg.egg-info/SOURCES.txt'
[1.714s] writing manifest file '../build/camara_pkg/camara_pkg.egg-info/SOURCES.txt'
[1.714s] running build
[1.715s] running build_py
[1.715s] running install
[1.722s] running install_lib
[1.745s] creating /home/mich-amu/uaows/src/J2D2/Microproyecto_ws/src/install/camara_pkg/lib/python3.12/site-packages/camara_pkg
[1.745s] copying /home/mich-amu/uaows/src/J2D2/Microproyecto_ws/src/build/camara_pkg/build/lib/camara_pkg/movemotors.py -> /home/mich-amu/uaows/src/J2D2/Microproyecto_ws/src/install/camara_pkg/lib/python3.12/site-packages/camara_pkg
[1.745s] copying /home/mich-amu/uaows/src/J2D2/Microproyecto_ws/src/build/camara_pkg/build/lib/camara_pkg/guidos.py -> /home/mich-amu/uaows/src/J2D2/Microproyecto_ws/src/install/camara_pkg/lib/python3.12/site-packages/camara_pkg
[1.745s] copying /home/mich-amu/uaows/src/J2D2/Microproyecto_ws/src/build/camara_pkg/build/lib/camara_pkg/teleop.py -> /home/mich-amu/uaows/src/J2D2/Microproyecto_ws/src/install/camara_pkg/lib/python3.12/site-packages/camara_pkg
[1.745s] copying /home/mich-amu/uaows/src/J2D2/Microproyecto_ws/src/build/camara_pkg/build/lib/camara_pkg/camara_node.py -> /home/mich-amu/uaows/src/J2D2/Microproyecto_ws/src/install/camara_pkg/lib/python3.12/site-packages/camara_pkg
[1.746s] copying /home/mich-amu/uaows/src/J2D2/Microproyecto_ws/src/build/camara_pkg/build/lib/camara_pkg/camera_gui_node.py -> /home/mich-amu/uaows/src/J2D2/Microproyecto_ws/src/install/camara_pkg/lib/python3.12/site-packages/camara_pkg
[1.746s] copying /home/mich-amu/uaows/src/J2D2/Microproyecto_ws/src/build/camara_pkg/build/lib/camara_pkg/__init__.py -> /home/mich-amu/uaows/src/J2D2/Microproyecto_ws/src/install/camara_pkg/lib/python3.12/site-packages/camara_pkg
[1.747s] byte-compiling /home/mich-amu/uaows/src/J2D2/Microproyecto_ws/src/install/camara_pkg/lib/python3.12/site-packages/camara_pkg/movemotors.py to movemotors.cpython-312.pyc
[1.748s] byte-compiling /home/mich-amu/uaows/src/J2D2/Microproyecto_ws/src/install/camara_pkg/lib/python3.12/site-packages/camara_pkg/guidos.py to guidos.cpython-312.pyc
[1.752s] byte-compiling /home/mich-amu/uaows/src/J2D2/Microproyecto_ws/src/install/camara_pkg/lib/python3.12/site-packages/camara_pkg/teleop.py to teleop.cpython-312.pyc
[1.754s] byte-compiling /home/mich-amu/uaows/src/J2D2/Microproyecto_ws/src/install/camara_pkg/lib/python3.12/site-packages/camara_pkg/camara_node.py to camara_node.cpython-312.pyc
[1.755s] byte-compiling /home/mich-amu/uaows/src/J2D2/Microproyecto_ws/src/install/camara_pkg/lib/python3.12/site-packages/camara_pkg/camera_gui_node.py to camera_gui_node.cpython-312.pyc
[1.756s] byte-compiling /home/mich-amu/uaows/src/J2D2/Microproyecto_ws/src/install/camara_pkg/lib/python3.12/site-packages/camara_pkg/__init__.py to __init__.cpython-312.pyc
[1.756s] running install_data
[1.757s] running install_egg_info
[1.783s] Copying ../build/camara_pkg/camara_pkg.egg-info to /home/mich-amu/uaows/src/J2D2/Microproyecto_ws/src/install/camara_pkg/lib/python3.12/site-packages/camara_pkg-0.0.0-py3.12.egg-info
[1.784s] running install_scripts
[1.947s] Installing camara_node script to /home/mich-amu/uaows/src/J2D2/Microproyecto_ws/src/install/camara_pkg/lib/camara_pkg
[1.947s] Installing camera_gui_node script to /home/mich-amu/uaows/src/J2D2/Microproyecto_ws/src/install/camara_pkg/lib/camara_pkg
[1.947s] Installing guidos script to /home/mich-amu/uaows/src/J2D2/Microproyecto_ws/src/install/camara_pkg/lib/camara_pkg
[1.948s] Installing movemotors script to /home/mich-amu/uaows/src/J2D2/Microproyecto_ws/src/install/camara_pkg/lib/camara_pkg
[1.948s] Installing salvatore_mqtt_bridge script to /home/mich-amu/uaows/src/J2D2/Microproyecto_ws/src/install/camara_pkg/lib/camara_pkg
[1.948s] Installing teleop script to /home/mich-amu/uaows/src/J2D2/Microproyecto_ws/src/install/camara_pkg/lib/camara_pkg
[1.948s] writing list of installed files to '/home/mich-amu/uaows/src/J2D2/Microproyecto_ws/src/build/camara_pkg/install.log'
[1.972s] Invoked command in '/home/mich-amu/uaows/src/J2D2/Microproyecto_ws/src/camara_pkg' returned '0': DEBUGINFOD_URLS=https://debuginfod.ubuntu.com PYTHONPATH=/home/mich-amu/uaows/src/J2D2/Microproyecto_ws/src/build/camara_pkg/prefix_override:/usr/lib/python3/dist-packages/colcon_core/task/python/colcon_distutils_commands:/home/mich-amu/uaows/src/J2D2/Microproyecto_ws/src/install/camara_pkg/lib/python3.12/site-packages:${PYTHONPATH} /usr/bin/python3 -W ignore:setup.py install is deprecated -W ignore:easy_install command is deprecated setup.py egg_info --egg-base ../build/camara_pkg build --build-base /home/mich-amu/uaows/src/J2D2/Microproyecto_ws/src/build/camara_pkg/build install --record /home/mich-amu/uaows/src/J2D2/Microproyecto_ws/src/build/camara_pkg/install.log --single-version-externally-managed install_data
