[0.710s] Invoking command in '/home/camilo/J2D2/Microproyecto_ws/src/camara_pkg': DEBUGINFOD_URLS=https://debuginfod.ubuntu.com PYTHONPATH=/home/camilo/J2D2/Microproyecto_ws/build/camara_pkg/prefix_override:/usr/lib/python3/dist-packages/colcon_core/task/python/colcon_distutils_commands:/home/camilo/J2D2/Microproyecto_ws/install/camara_pkg/lib/python3.12/site-packages:${PYTHONPATH} /usr/bin/python3 -W ignore:setup.py install is deprecated -W ignore:easy_install command is deprecated setup.py egg_info --egg-base ../../build/camara_pkg build --build-base /home/camilo/J2D2/Microproyecto_ws/build/camara_pkg/build install --record /home/camilo/J2D2/Microproyecto_ws/build/camara_pkg/install.log --single-version-externally-managed install_data
[0.927s] running egg_info
[0.939s] writing ../../build/camara_pkg/camara_pkg.egg-info/PKG-INFO
[0.939s] writing dependency_links to ../../build/camara_pkg/camara_pkg.egg-info/dependency_links.txt
[0.940s] writing entry points to ../../build/camara_pkg/camara_pkg.egg-info/entry_points.txt
[0.940s] writing requirements to ../../build/camara_pkg/camara_pkg.egg-info/requires.txt
[0.940s] writing top-level names to ../../build/camara_pkg/camara_pkg.egg-info/top_level.txt
[0.964s] reading manifest file '../../build/camara_pkg/camara_pkg.egg-info/SOURCES.txt'
[0.964s] writing manifest file '../../build/camara_pkg/camara_pkg.egg-info/SOURCES.txt'
[0.964s] running build
[0.964s] running build_py
[0.964s] copying camara_pkg/teleop.py -> /home/camilo/J2D2/Microproyecto_ws/build/camara_pkg/build/lib/camara_pkg
[0.964s] running install
[0.969s] running install_lib
[0.981s] copying /home/camilo/J2D2/Microproyecto_ws/build/camara_pkg/build/lib/camara_pkg/teleop.py -> /home/camilo/J2D2/Microproyecto_ws/install/camara_pkg/lib/python3.12/site-packages/camara_pkg
[0.981s] byte-compiling /home/camilo/J2D2/Microproyecto_ws/install/camara_pkg/lib/python3.12/site-packages/camara_pkg/teleop.py to teleop.cpython-312.pyc
[0.983s] running install_data
[0.983s] running install_egg_info
[0.996s] removing '/home/camilo/J2D2/Microproyecto_ws/install/camara_pkg/lib/python3.12/site-packages/camara_pkg-0.0.0-py3.12.egg-info' (and everything under it)
[0.996s] Copying ../../build/camara_pkg/camara_pkg.egg-info to /home/camilo/J2D2/Microproyecto_ws/install/camara_pkg/lib/python3.12/site-packages/camara_pkg-0.0.0-py3.12.egg-info
[0.996s] running install_scripts
[1.080s] Installing camara_node script to /home/camilo/J2D2/Microproyecto_ws/install/camara_pkg/lib/camara_pkg
[1.081s] Installing camera_gui_node script to /home/camilo/J2D2/Microproyecto_ws/install/camara_pkg/lib/camara_pkg
[1.081s] Installing guidos script to /home/camilo/J2D2/Microproyecto_ws/install/camara_pkg/lib/camara_pkg
[1.081s] Installing movemotors script to /home/camilo/J2D2/Microproyecto_ws/install/camara_pkg/lib/camara_pkg
[1.081s] Installing salvatore_mqtt_bridge script to /home/camilo/J2D2/Microproyecto_ws/install/camara_pkg/lib/camara_pkg
[1.081s] Installing teleop script to /home/camilo/J2D2/Microproyecto_ws/install/camara_pkg/lib/camara_pkg
[1.081s] writing list of installed files to '/home/camilo/J2D2/Microproyecto_ws/build/camara_pkg/install.log'
[1.102s] Invoked command in '/home/camilo/J2D2/Microproyecto_ws/src/camara_pkg' returned '0': DEBUGINFOD_URLS=https://debuginfod.ubuntu.com PYTHONPATH=/home/camilo/J2D2/Microproyecto_ws/build/camara_pkg/prefix_override:/usr/lib/python3/dist-packages/colcon_core/task/python/colcon_distutils_commands:/home/camilo/J2D2/Microproyecto_ws/install/camara_pkg/lib/python3.12/site-packages:${PYTHONPATH} /usr/bin/python3 -W ignore:setup.py install is deprecated -W ignore:easy_install command is deprecated setup.py egg_info --egg-base ../../build/camara_pkg build --build-base /home/camilo/J2D2/Microproyecto_ws/build/camara_pkg/build install --record /home/camilo/J2D2/Microproyecto_ws/build/camara_pkg/install.log --single-version-externally-managed install_data
