[0.924s] Invoking command in '/home/camilo/J2D2/Microproyecto_ws/src/camara_pkg': DEBUGINFOD_URLS=https://debuginfod.ubuntu.com PYTHONPATH=/home/camilo/J2D2/Microproyecto_ws/build/camara_pkg/prefix_override:/usr/lib/python3/dist-packages/colcon_core/task/python/colcon_distutils_commands:/home/camilo/J2D2/Microproyecto_ws/install/camara_pkg/lib/python3.12/site-packages:${PYTHONPATH} /usr/bin/python3 -W ignore:setup.py install is deprecated -W ignore:easy_install command is deprecated setup.py egg_info --egg-base ../../build/camara_pkg build --build-base /home/camilo/J2D2/Microproyecto_ws/build/camara_pkg/build install --record /home/camilo/J2D2/Microproyecto_ws/build/camara_pkg/install.log --single-version-externally-managed install_data
[1.114s] running egg_info
[1.126s] writing ../../build/camara_pkg/camara_pkg.egg-info/PKG-INFO
[1.126s] writing dependency_links to ../../build/camara_pkg/camara_pkg.egg-info/dependency_links.txt
[1.126s] writing entry points to ../../build/camara_pkg/camara_pkg.egg-info/entry_points.txt
[1.126s] writing requirements to ../../build/camara_pkg/camara_pkg.egg-info/requires.txt
[1.126s] writing top-level names to ../../build/camara_pkg/camara_pkg.egg-info/top_level.txt
[1.150s] reading manifest file '../../build/camara_pkg/camara_pkg.egg-info/SOURCES.txt'
[1.151s] writing manifest file '../../build/camara_pkg/camara_pkg.egg-info/SOURCES.txt'
[1.151s] running build
[1.151s] running build_py
[1.151s] copying camara_pkg/guidos.py -> /home/camilo/J2D2/Microproyecto_ws/build/camara_pkg/build/lib/camara_pkg
[1.151s] running install
[1.155s] running install_lib
[1.167s] copying /home/camilo/J2D2/Microproyecto_ws/build/camara_pkg/build/lib/camara_pkg/guidos.py -> /home/camilo/J2D2/Microproyecto_ws/install/camara_pkg/lib/python3.12/site-packages/camara_pkg
[1.167s] byte-compiling /home/camilo/J2D2/Microproyecto_ws/install/camara_pkg/lib/python3.12/site-packages/camara_pkg/guidos.py to guidos.cpython-312.pyc
[1.170s] running install_data
[1.170s] running install_egg_info
[1.183s] removing '/home/camilo/J2D2/Microproyecto_ws/install/camara_pkg/lib/python3.12/site-packages/camara_pkg-0.0.0-py3.12.egg-info' (and everything under it)
[1.183s] Copying ../../build/camara_pkg/camara_pkg.egg-info to /home/camilo/J2D2/Microproyecto_ws/install/camara_pkg/lib/python3.12/site-packages/camara_pkg-0.0.0-py3.12.egg-info
[1.183s] running install_scripts
[1.265s] Installing camara_node script to /home/camilo/J2D2/Microproyecto_ws/install/camara_pkg/lib/camara_pkg
[1.265s] Installing camera_gui_node script to /home/camilo/J2D2/Microproyecto_ws/install/camara_pkg/lib/camara_pkg
[1.265s] Installing guidos script to /home/camilo/J2D2/Microproyecto_ws/install/camara_pkg/lib/camara_pkg
[1.265s] Installing movemotors script to /home/camilo/J2D2/Microproyecto_ws/install/camara_pkg/lib/camara_pkg
[1.265s] Installing salvatore_mqtt_bridge script to /home/camilo/J2D2/Microproyecto_ws/install/camara_pkg/lib/camara_pkg
[1.265s] Installing teleop script to /home/camilo/J2D2/Microproyecto_ws/install/camara_pkg/lib/camara_pkg
[1.265s] writing list of installed files to '/home/camilo/J2D2/Microproyecto_ws/build/camara_pkg/install.log'
[1.285s] Invoked command in '/home/camilo/J2D2/Microproyecto_ws/src/camara_pkg' returned '0': DEBUGINFOD_URLS=https://debuginfod.ubuntu.com PYTHONPATH=/home/camilo/J2D2/Microproyecto_ws/build/camara_pkg/prefix_override:/usr/lib/python3/dist-packages/colcon_core/task/python/colcon_distutils_commands:/home/camilo/J2D2/Microproyecto_ws/install/camara_pkg/lib/python3.12/site-packages:${PYTHONPATH} /usr/bin/python3 -W ignore:setup.py install is deprecated -W ignore:easy_install command is deprecated setup.py egg_info --egg-base ../../build/camara_pkg build --build-base /home/camilo/J2D2/Microproyecto_ws/build/camara_pkg/build install --record /home/camilo/J2D2/Microproyecto_ws/build/camara_pkg/install.log --single-version-externally-managed install_data
