[0.862s] Invoking command in '/home/mich-amu/uaows/src/J2D2/Microproyecto_ws/src/camara_pkg': DEBUGINFOD_URLS=https://debuginfod.ubuntu.com PYTHONPATH=/home/mich-amu/uaows/src/J2D2/Microproyecto_ws/build/camara_pkg/prefix_override:/usr/lib/python3/dist-packages/colcon_core/task/python/colcon_distutils_commands:/home/mich-amu/uaows/src/J2D2/Microproyecto_ws/install/camara_pkg/lib/python3.12/site-packages:${PYTHONPATH} /usr/bin/python3 -W ignore:setup.py install is deprecated -W ignore:easy_install command is deprecated setup.py egg_info --egg-base ../../build/camara_pkg build --build-base /home/mich-amu/uaows/src/J2D2/Microproyecto_ws/build/camara_pkg/build install --record /home/mich-amu/uaows/src/J2D2/Microproyecto_ws/build/camara_pkg/install.log --single-version-externally-managed install_data
[1.136s] running egg_info
[1.157s] writing ../../build/camara_pkg/camara_pkg.egg-info/PKG-INFO
[1.157s] writing dependency_links to ../../build/camara_pkg/camara_pkg.egg-info/dependency_links.txt
[1.157s] writing entry points to ../../build/camara_pkg/camara_pkg.egg-info/entry_points.txt
[1.157s] writing requirements to ../../build/camara_pkg/camara_pkg.egg-info/requires.txt
[1.157s] writing top-level names to ../../build/camara_pkg/camara_pkg.egg-info/top_level.txt
[1.199s] reading manifest file '../../build/camara_pkg/camara_pkg.egg-info/SOURCES.txt'
[1.200s] writing manifest file '../../build/camara_pkg/camara_pkg.egg-info/SOURCES.txt'
[1.200s] running build
[1.200s] running build_py
[1.200s] copying camara_pkg/teleop.py -> /home/mich-amu/uaows/src/J2D2/Microproyecto_ws/build/camara_pkg/build/lib/camara_pkg
[1.200s] copying camara_pkg/mqtt_bridge_node.py -> /home/mich-amu/uaows/src/J2D2/Microproyecto_ws/build/camara_pkg/build/lib/camara_pkg
[1.201s] running install
[1.207s] running install_lib
[1.228s] copying /home/mich-amu/uaows/src/J2D2/Microproyecto_ws/build/camara_pkg/build/lib/camara_pkg/teleop.py -> /home/mich-amu/uaows/src/J2D2/Microproyecto_ws/install/camara_pkg/lib/python3.12/site-packages/camara_pkg
[1.228s] copying /home/mich-amu/uaows/src/J2D2/Microproyecto_ws/build/camara_pkg/build/lib/camara_pkg/mqtt_bridge_node.py -> /home/mich-amu/uaows/src/J2D2/Microproyecto_ws/install/camara_pkg/lib/python3.12/site-packages/camara_pkg
[1.229s] byte-compiling /home/mich-amu/uaows/src/J2D2/Microproyecto_ws/install/camara_pkg/lib/python3.12/site-packages/camara_pkg/teleop.py to teleop.cpython-312.pyc
[1.231s] byte-compiling /home/mich-amu/uaows/src/J2D2/Microproyecto_ws/install/camara_pkg/lib/python3.12/site-packages/camara_pkg/mqtt_bridge_node.py to mqtt_bridge_node.cpython-312.pyc
[1.232s] running install_data
[1.232s] running install_egg_info
[1.254s] removing '/home/mich-amu/uaows/src/J2D2/Microproyecto_ws/install/camara_pkg/lib/python3.12/site-packages/camara_pkg-1.0.0-py3.12.egg-info' (and everything under it)
[1.254s] Copying ../../build/camara_pkg/camara_pkg.egg-info to /home/mich-amu/uaows/src/J2D2/Microproyecto_ws/install/camara_pkg/lib/python3.12/site-packages/camara_pkg-1.0.0-py3.12.egg-info
[1.255s] running install_scripts
[1.391s] Installing camara_node script to /home/mich-amu/uaows/src/J2D2/Microproyecto_ws/install/camara_pkg/lib/camara_pkg
[1.391s] Installing camera_gui_node script to /home/mich-amu/uaows/src/J2D2/Microproyecto_ws/install/camara_pkg/lib/camara_pkg
[1.391s] Installing guidos script to /home/mich-amu/uaows/src/J2D2/Microproyecto_ws/install/camara_pkg/lib/camara_pkg
[1.391s] Installing movemotors script to /home/mich-amu/uaows/src/J2D2/Microproyecto_ws/install/camara_pkg/lib/camara_pkg
[1.391s] Installing mqtt_bridge_node script to /home/mich-amu/uaows/src/J2D2/Microproyecto_ws/install/camara_pkg/lib/camara_pkg
[1.391s] Installing salvatore_mqtt_bridge script to /home/mich-amu/uaows/src/J2D2/Microproyecto_ws/install/camara_pkg/lib/camara_pkg
[1.391s] Installing teleop script to /home/mich-amu/uaows/src/J2D2/Microproyecto_ws/install/camara_pkg/lib/camara_pkg
[1.392s] writing list of installed files to '/home/mich-amu/uaows/src/J2D2/Microproyecto_ws/build/camara_pkg/install.log'
[1.417s] Invoked command in '/home/mich-amu/uaows/src/J2D2/Microproyecto_ws/src/camara_pkg' returned '0': DEBUGINFOD_URLS=https://debuginfod.ubuntu.com PYTHONPATH=/home/mich-amu/uaows/src/J2D2/Microproyecto_ws/build/camara_pkg/prefix_override:/usr/lib/python3/dist-packages/colcon_core/task/python/colcon_distutils_commands:/home/mich-amu/uaows/src/J2D2/Microproyecto_ws/install/camara_pkg/lib/python3.12/site-packages:${PYTHONPATH} /usr/bin/python3 -W ignore:setup.py install is deprecated -W ignore:easy_install command is deprecated setup.py egg_info --egg-base ../../build/camara_pkg build --build-base /home/mich-amu/uaows/src/J2D2/Microproyecto_ws/build/camara_pkg/build install --record /home/mich-amu/uaows/src/J2D2/Microproyecto_ws/build/camara_pkg/install.log --single-version-externally-managed install_data
