[0.593s] Invoking command in '/home/camilo/J2D2/Microproyecto_ws/src/camara_pkg': DEBUGINFOD_URLS=https://debuginfod.ubuntu.com PYTHONPATH=/home/camilo/J2D2/Microproyecto_ws/build/camara_pkg/prefix_override:/usr/lib/python3/dist-packages/colcon_core/task/python/colcon_distutils_commands:/home/camilo/J2D2/Microproyecto_ws/install/camara_pkg/lib/python3.12/site-packages:${PYTHONPATH} /usr/bin/python3 -W ignore:setup.py install is deprecated -W ignore:easy_install command is deprecated setup.py egg_info --egg-base ../../build/camara_pkg build --build-base /home/camilo/J2D2/Microproyecto_ws/build/camara_pkg/build install --record /home/camilo/J2D2/Microproyecto_ws/build/camara_pkg/install.log --single-version-externally-managed install_data
[0.803s] running egg_info
[0.818s] writing ../../build/camara_pkg/camara_pkg.egg-info/PKG-INFO
[0.818s] writing dependency_links to ../../build/camara_pkg/camara_pkg.egg-info/dependency_links.txt
[0.818s] writing entry points to ../../build/camara_pkg/camara_pkg.egg-info/entry_points.txt
[0.818s] writing requirements to ../../build/camara_pkg/camara_pkg.egg-info/requires.txt
[0.818s] writing top-level names to ../../build/camara_pkg/camara_pkg.egg-info/top_level.txt
[0.847s] reading manifest file '../../build/camara_pkg/camara_pkg.egg-info/SOURCES.txt'
[0.848s] writing manifest file '../../build/camara_pkg/camara_pkg.egg-info/SOURCES.txt'
[0.848s] running build
[0.848s] running build_py
[0.848s] copying camara_pkg/guidos.py -> /home/camilo/J2D2/Microproyecto_ws/build/camara_pkg/build/lib/camara_pkg
[0.848s] copying camara_pkg/teleop.py -> /home/camilo/J2D2/Microproyecto_ws/build/camara_pkg/build/lib/camara_pkg
[0.848s] running install
[0.853s] running install_lib
[0.866s] copying /home/camilo/J2D2/Microproyecto_ws/build/camara_pkg/build/lib/camara_pkg/guidos.py -> /home/camilo/J2D2/Microproyecto_ws/install/camara_pkg/lib/python3.12/site-packages/camara_pkg
[0.866s] copying /home/camilo/J2D2/Microproyecto_ws/build/camara_pkg/build/lib/camara_pkg/teleop.py -> /home/camilo/J2D2/Microproyecto_ws/install/camara_pkg/lib/python3.12/site-packages/camara_pkg
[0.867s] byte-compiling /home/camilo/J2D2/Microproyecto_ws/install/camara_pkg/lib/python3.12/site-packages/camara_pkg/guidos.py to guidos.cpython-312.pyc
[0.870s] byte-compiling /home/camilo/J2D2/Microproyecto_ws/install/camara_pkg/lib/python3.12/site-packages/camara_pkg/teleop.py to teleop.cpython-312.pyc
[0.872s] running install_data
[0.872s] running install_egg_info
[0.887s] removing '/home/camilo/J2D2/Microproyecto_ws/install/camara_pkg/lib/python3.12/site-packages/camara_pkg-0.0.0-py3.12.egg-info' (and everything under it)
[0.887s] Copying ../../build/camara_pkg/camara_pkg.egg-info to /home/camilo/J2D2/Microproyecto_ws/install/camara_pkg/lib/python3.12/site-packages/camara_pkg-0.0.0-py3.12.egg-info
[0.887s] running install_scripts
[0.980s] Installing camara_node script to /home/camilo/J2D2/Microproyecto_ws/install/camara_pkg/lib/camara_pkg
[0.981s] Installing camera_gui_node script to /home/camilo/J2D2/Microproyecto_ws/install/camara_pkg/lib/camara_pkg
[0.981s] Installing guidos script to /home/camilo/J2D2/Microproyecto_ws/install/camara_pkg/lib/camara_pkg
[0.981s] Installing movemotors script to /home/camilo/J2D2/Microproyecto_ws/install/camara_pkg/lib/camara_pkg
[0.981s] Installing salvatore_mqtt_bridge script to /home/camilo/J2D2/Microproyecto_ws/install/camara_pkg/lib/camara_pkg
[0.981s] Installing teleop script to /home/camilo/J2D2/Microproyecto_ws/install/camara_pkg/lib/camara_pkg
[0.981s] writing list of installed files to '/home/camilo/J2D2/Microproyecto_ws/build/camara_pkg/install.log'
[1.004s] Invoked command in '/home/camilo/J2D2/Microproyecto_ws/src/camara_pkg' returned '0': DEBUGINFOD_URLS=https://debuginfod.ubuntu.com PYTHONPATH=/home/camilo/J2D2/Microproyecto_ws/build/camara_pkg/prefix_override:/usr/lib/python3/dist-packages/colcon_core/task/python/colcon_distutils_commands:/home/camilo/J2D2/Microproyecto_ws/install/camara_pkg/lib/python3.12/site-packages:${PYTHONPATH} /usr/bin/python3 -W ignore:setup.py install is deprecated -W ignore:easy_install command is deprecated setup.py egg_info --egg-base ../../build/camara_pkg build --build-base /home/camilo/J2D2/Microproyecto_ws/build/camara_pkg/build install --record /home/camilo/J2D2/Microproyecto_ws/build/camara_pkg/install.log --single-version-externally-managed install_data
