running develop
running egg_info
writing camara_pkg.egg-info/PKG-INFO
writing dependency_links to camara_pkg.egg-info/dependency_links.txt
writing entry points to camara_pkg.egg-info/entry_points.txt
writing requirements to camara_pkg.egg-info/requires.txt
writing top-level names to camara_pkg.egg-info/top_level.txt
reading manifest file 'camara_pkg.egg-info/SOURCES.txt'
writing manifest file 'camara_pkg.egg-info/SOURCES.txt'
running build_ext
Creating /home/mich-amu/uaows/src/J2D2/Microproyecto_ws/src/camara_pkg/install/camara_pkg/lib/python3.12/site-packages/camara-pkg.egg-link (link to .)
Installing camara_node script to /home/mich-amu/uaows/src/J2D2/Microproyecto_ws/src/camara_pkg/install/camara_pkg/lib/camara_pkg
Installing camera_gui_node script to /home/mich-amu/uaows/src/J2D2/Microproyecto_ws/src/camara_pkg/install/camara_pkg/lib/camara_pkg
Installing guidos script to /home/mich-amu/uaows/src/J2D2/Microproyecto_ws/src/camara_pkg/install/camara_pkg/lib/camara_pkg
Installing movemotors script to /home/mich-amu/uaows/src/J2D2/Microproyecto_ws/src/camara_pkg/install/camara_pkg/lib/camara_pkg
Installing mqtt_bridge_node script to /home/mich-amu/uaows/src/J2D2/Microproyecto_ws/src/camara_pkg/install/camara_pkg/lib/camara_pkg
Installing salvatore_mqtt_bridge script to /home/mich-amu/uaows/src/J2D2/Microproyecto_ws/src/camara_pkg/install/camara_pkg/lib/camara_pkg
Installing teleop script to /home/mich-amu/uaows/src/J2D2/Microproyecto_ws/src/camara_pkg/install/camara_pkg/lib/camara_pkg

Installed /home/mich-amu/uaows/src/J2D2/Microproyecto_ws/src/camara_pkg/build/camara_pkg
running symlink_data
