[0.542s] Invoking command in '/home/camilo/J2D2/Microproyecto_ws/src/camara_pkg': DEBUGINFOD_URLS=https://debuginfod.ubuntu.com PYTHONPATH=/home/camilo/J2D2/build/camara_pkg/prefix_override:/usr/lib/python3/dist-packages/colcon_core/task/python/colcon_distutils_commands:/home/camilo/J2D2/install/camara_pkg/lib/python3.12/site-packages:${PYTHONPATH} /usr/bin/python3 -W ignore:setup.py install is deprecated -W ignore:easy_install command is deprecated setup.py egg_info --egg-base ../../../build/camara_pkg build --build-base /home/camilo/J2D2/build/camara_pkg/build install --record /home/camilo/J2D2/build/camara_pkg/install.log --single-version-externally-managed install_data
[0.739s] running egg_info
[0.751s] writing ../../../build/camara_pkg/camara_pkg.egg-info/PKG-INFO
[0.751s] writing dependency_links to ../../../build/camara_pkg/camara_pkg.egg-info/dependency_links.txt
[0.751s] writing entry points to ../../../build/camara_pkg/camara_pkg.egg-info/entry_points.txt
[0.751s] writing requirements to ../../../build/camara_pkg/camara_pkg.egg-info/requires.txt
[0.751s] writing top-level names to ../../../build/camara_pkg/camara_pkg.egg-info/top_level.txt
[0.775s] reading manifest file '../../../build/camara_pkg/camara_pkg.egg-info/SOURCES.txt'
[0.775s] writing manifest file '../../../build/camara_pkg/camara_pkg.egg-info/SOURCES.txt'
[0.776s] running build
[0.776s] running build_py
[0.776s] running install
[0.780s] running install_lib
[0.792s] running install_data
[0.792s] running install_egg_info
[0.805s] removing '/home/camilo/J2D2/install/camara_pkg/lib/python3.12/site-packages/camara_pkg-0.0.0-py3.12.egg-info' (and everything under it)
[0.805s] Copying ../../../build/camara_pkg/camara_pkg.egg-info to /home/camilo/J2D2/install/camara_pkg/lib/python3.12/site-packages/camara_pkg-0.0.0-py3.12.egg-info
[0.807s] running install_scripts
[0.889s] Installing camara_node script to /home/camilo/J2D2/install/camara_pkg/lib/camara_pkg
[0.889s] Installing camera_gui_node script to /home/camilo/J2D2/install/camara_pkg/lib/camara_pkg
[0.889s] Installing guidos script to /home/camilo/J2D2/install/camara_pkg/lib/camara_pkg
[0.889s] Installing movemotors script to /home/camilo/J2D2/install/camara_pkg/lib/camara_pkg
[0.890s] Installing salvatore_mqtt_bridge script to /home/camilo/J2D2/install/camara_pkg/lib/camara_pkg
[0.890s] Installing teleop script to /home/camilo/J2D2/install/camara_pkg/lib/camara_pkg
[0.890s] writing list of installed files to '/home/camilo/J2D2/build/camara_pkg/install.log'
[0.911s] Invoked command in '/home/camilo/J2D2/Microproyecto_ws/src/camara_pkg' returned '0': DEBUGINFOD_URLS=https://debuginfod.ubuntu.com PYTHONPATH=/home/camilo/J2D2/build/camara_pkg/prefix_override:/usr/lib/python3/dist-packages/colcon_core/task/python/colcon_distutils_commands:/home/camilo/J2D2/install/camara_pkg/lib/python3.12/site-packages:${PYTHONPATH} /usr/bin/python3 -W ignore:setup.py install is deprecated -W ignore:easy_install command is deprecated setup.py egg_info --egg-base ../../../build/camara_pkg build --build-base /home/camilo/J2D2/build/camara_pkg/build install --record /home/camilo/J2D2/build/camara_pkg/install.log --single-version-externally-managed install_data
