running develop
Removing /home/mich-amu/uaows/src/J2D2/Microproyecto_ws/src/camara_pkg/install/camara_pkg/lib/python3.12/site-packages/camara-pkg.egg-link (link to .)
running egg_info
writing build/camara_pkg/camara_pkg.egg-info/PKG-INFO
writing dependency_links to build/camara_pkg/camara_pkg.egg-info/dependency_links.txt
writing entry points to build/camara_pkg/camara_pkg.egg-info/entry_points.txt
writing requirements to build/camara_pkg/camara_pkg.egg-info/requires.txt
writing top-level names to build/camara_pkg/camara_pkg.egg-info/top_level.txt
reading manifest file 'build/camara_pkg/camara_pkg.egg-info/SOURCES.txt'
writing manifest file 'build/camara_pkg/camara_pkg.egg-info/SOURCES.txt'
running build
running build_py
copying camara_pkg/guidos.py -> /home/mich-amu/uaows/src/J2D2/Microproyecto_ws/src/camara_pkg/build/camara_pkg/build/lib/camara_pkg
copying camara_pkg/teleop.py -> /home/mich-amu/uaows/src/J2D2/Microproyecto_ws/src/camara_pkg/build/camara_pkg/build/lib/camara_pkg
running install
running install_lib
copying /home/mich-amu/uaows/src/J2D2/Microproyecto_ws/src/camara_pkg/build/camara_pkg/build/lib/camara_pkg/movemotors.py -> /home/mich-amu/uaows/src/J2D2/Microproyecto_ws/src/camara_pkg/install/camara_pkg/lib/python3.12/site-packages/camara_pkg
copying /home/mich-amu/uaows/src/J2D2/Microproyecto_ws/src/camara_pkg/build/camara_pkg/build/lib/camara_pkg/guidos.py -> /home/mich-amu/uaows/src/J2D2/Microproyecto_ws/src/camara_pkg/install/camara_pkg/lib/python3.12/site-packages/camara_pkg
copying /home/mich-amu/uaows/src/J2D2/Microproyecto_ws/src/camara_pkg/build/camara_pkg/build/lib/camara_pkg/teleop.py -> /home/mich-amu/uaows/src/J2D2/Microproyecto_ws/src/camara_pkg/install/camara_pkg/lib/python3.12/site-packages/camara_pkg
copying /home/mich-amu/uaows/src/J2D2/Microproyecto_ws/src/camara_pkg/build/camara_pkg/build/lib/camara_pkg/camara_node.py -> /home/mich-amu/uaows/src/J2D2/Microproyecto_ws/src/camara_pkg/install/camara_pkg/lib/python3.12/site-packages/camara_pkg
copying /home/mich-amu/uaows/src/J2D2/Microproyecto_ws/src/camara_pkg/build/camara_pkg/build/lib/camara_pkg/camera_gui_node.py -> /home/mich-amu/uaows/src/J2D2/Microproyecto_ws/src/camara_pkg/install/camara_pkg/lib/python3.12/site-packages/camara_pkg
copying /home/mich-amu/uaows/src/J2D2/Microproyecto_ws/src/camara_pkg/build/camara_pkg/build/lib/camara_pkg/__init__.py -> /home/mich-amu/uaows/src/J2D2/Microproyecto_ws/src/camara_pkg/install/camara_pkg/lib/python3.12/site-packages/camara_pkg
copying /home/mich-amu/uaows/src/J2D2/Microproyecto_ws/src/camara_pkg/build/camara_pkg/build/lib/camara_pkg/mqtt_bridge_node.py -> /home/mich-amu/uaows/src/J2D2/Microproyecto_ws/src/camara_pkg/install/camara_pkg/lib/python3.12/site-packages/camara_pkg
byte-compiling /home/mich-amu/uaows/src/J2D2/Microproyecto_ws/src/camara_pkg/install/camara_pkg/lib/python3.12/site-packages/camara_pkg/movemotors.py to movemotors.cpython-312.pyc
byte-compiling /home/mich-amu/uaows/src/J2D2/Microproyecto_ws/src/camara_pkg/install/camara_pkg/lib/python3.12/site-packages/camara_pkg/guidos.py to guidos.cpython-312.pyc
byte-compiling /home/mich-amu/uaows/src/J2D2/Microproyecto_ws/src/camara_pkg/install/camara_pkg/lib/python3.12/site-packages/camara_pkg/teleop.py to teleop.cpython-312.pyc
byte-compiling /home/mich-amu/uaows/src/J2D2/Microproyecto_ws/src/camara_pkg/install/camara_pkg/lib/python3.12/site-packages/camara_pkg/camara_node.py to camara_node.cpython-312.pyc
byte-compiling /home/mich-amu/uaows/src/J2D2/Microproyecto_ws/src/camara_pkg/install/camara_pkg/lib/python3.12/site-packages/camara_pkg/camera_gui_node.py to camera_gui_node.cpython-312.pyc
byte-compiling /home/mich-amu/uaows/src/J2D2/Microproyecto_ws/src/camara_pkg/install/camara_pkg/lib/python3.12/site-packages/camara_pkg/__init__.py to __init__.cpython-312.pyc
byte-compiling /home/mich-amu/uaows/src/J2D2/Microproyecto_ws/src/camara_pkg/install/camara_pkg/lib/python3.12/site-packages/camara_pkg/mqtt_bridge_node.py to mqtt_bridge_node.cpython-312.pyc
running install_data
copying resource/camara_pkg -> /home/mich-amu/uaows/src/J2D2/Microproyecto_ws/src/camara_pkg/install/camara_pkg/share/ament_index/resource_index/packages
copying package.xml -> /home/mich-amu/uaows/src/J2D2/Microproyecto_ws/src/camara_pkg/install/camara_pkg/share/camara_pkg
copying launch/micro.launch.py -> /home/mich-amu/uaows/src/J2D2/Microproyecto_ws/src/camara_pkg/install/camara_pkg/share/camara_pkg/launch
copying launch/gazebo.launch -> /home/mich-amu/uaows/src/J2D2/Microproyecto_ws/src/camara_pkg/install/camara_pkg/share/camara_pkg/launch
copying launch/display.launch -> /home/mich-amu/uaows/src/J2D2/Microproyecto_ws/src/camara_pkg/install/camara_pkg/share/camara_pkg/launch
copying urdf/turtlesimm.urdf -> /home/mich-amu/uaows/src/J2D2/Microproyecto_ws/src/camara_pkg/install/camara_pkg/share/camara_pkg/urdf
copying meshes/Motorizq_Link.STL -> /home/mich-amu/uaows/src/J2D2/Microproyecto_ws/src/camara_pkg/install/camara_pkg/share/camara_pkg/meshes
copying meshes/base_link.STL -> /home/mich-amu/uaows/src/J2D2/Microproyecto_ws/src/camara_pkg/install/camara_pkg/share/camara_pkg/meshes
copying meshes/Motorder_Link.STL -> /home/mich-amu/uaows/src/J2D2/Microproyecto_ws/src/camara_pkg/install/camara_pkg/share/camara_pkg/meshes
copying config/joint_names_turtlesimm.yaml -> /home/mich-amu/uaows/src/J2D2/Microproyecto_ws/src/camara_pkg/install/camara_pkg/share/camara_pkg/config
running install_egg_info
Copying build/camara_pkg/camara_pkg.egg-info to /home/mich-amu/uaows/src/J2D2/Microproyecto_ws/src/camara_pkg/install/camara_pkg/lib/python3.12/site-packages/camara_pkg-1.0.0-py3.12.egg-info
running install_scripts
Installing camara_node script to /home/mich-amu/uaows/src/J2D2/Microproyecto_ws/src/camara_pkg/install/camara_pkg/lib/camara_pkg
Installing camera_gui_node script to /home/mich-amu/uaows/src/J2D2/Microproyecto_ws/src/camara_pkg/install/camara_pkg/lib/camara_pkg
Installing guidos script to /home/mich-amu/uaows/src/J2D2/Microproyecto_ws/src/camara_pkg/install/camara_pkg/lib/camara_pkg
Installing movemotors script to /home/mich-amu/uaows/src/J2D2/Microproyecto_ws/src/camara_pkg/install/camara_pkg/lib/camara_pkg
Installing mqtt_bridge_node script to /home/mich-amu/uaows/src/J2D2/Microproyecto_ws/src/camara_pkg/install/camara_pkg/lib/camara_pkg
Installing salvatore_mqtt_bridge script to /home/mich-amu/uaows/src/J2D2/Microproyecto_ws/src/camara_pkg/install/camara_pkg/lib/camara_pkg
Installing teleop script to /home/mich-amu/uaows/src/J2D2/Microproyecto_ws/src/camara_pkg/install/camara_pkg/lib/camara_pkg
writing list of installed files to '/home/mich-amu/uaows/src/J2D2/Microproyecto_ws/src/camara_pkg/build/camara_pkg/install.log'
