[1.270s] Invoking command in '/home/mich-amu/uaows/src/J2D2/Microproyecto_ws/src/camara_pkg/build/camara_pkg': DEBUGINFOD_URLS=https://debuginfod.ubuntu.com PYTHONPATH=/home/mich-amu/uaows/src/J2D2/Microproyecto_ws/src/camara_pkg/build/camara_pkg/prefix_override:/usr/lib/python3/dist-packages/colcon_core/task/python/colcon_distutils_commands:/home/mich-amu/uaows/src/J2D2/Microproyecto_ws/src/camara_pkg/install/camara_pkg/lib/python3.12/site-packages:${PYTHONPATH} /usr/bin/python3 -W ignore:setup.py install is deprecated -W ignore:easy_install command is deprecated setup.py develop --uninstall --editable --build-directory /home/mich-amu/uaows/src/J2D2/Microproyecto_ws/src/camara_pkg/build/camara_pkg/build
[1.669s] running develop
[1.958s] Removing /home/mich-amu/uaows/src/J2D2/Microproyecto_ws/src/camara_pkg/install/camara_pkg/lib/python3.12/site-packages/camara-pkg.egg-link (link to .)
[1.991s] Invoked command in '/home/mich-amu/uaows/src/J2D2/Microproyecto_ws/src/camara_pkg/build/camara_pkg' returned '0': DEBUGINFOD_URLS=https://debuginfod.ubuntu.com PYTHONPATH=/home/mich-amu/uaows/src/J2D2/Microproyecto_ws/src/camara_pkg/build/camara_pkg/prefix_override:/usr/lib/python3/dist-packages/colcon_core/task/python/colcon_distutils_commands:/home/mich-amu/uaows/src/J2D2/Microproyecto_ws/src/camara_pkg/install/camara_pkg/lib/python3.12/site-packages:${PYTHONPATH} /usr/bin/python3 -W ignore:setup.py install is deprecated -W ignore:easy_install command is deprecated setup.py develop --uninstall --editable --build-directory /home/mich-amu/uaows/src/J2D2/Microproyecto_ws/src/camara_pkg/build/camara_pkg/build
[1.992s] Invoking command in '/home/mich-amu/uaows/src/J2D2/Microproyecto_ws/src/camara_pkg': DEBUGINFOD_URLS=https://debuginfod.ubuntu.com PYTHONPATH=/home/mich-amu/uaows/src/J2D2/Microproyecto_ws/src/camara_pkg/build/camara_pkg/prefix_override:/usr/lib/python3/dist-packages/colcon_core/task/python/colcon_distutils_commands:/home/mich-amu/uaows/src/J2D2/Microproyecto_ws/src/camara_pkg/install/camara_pkg/lib/python3.12/site-packages:${PYTHONPATH} /usr/bin/python3 -W ignore:setup.py install is deprecated -W ignore:easy_install command is deprecated setup.py egg_info --egg-base build/camara_pkg build --build-base /home/mich-amu/uaows/src/J2D2/Microproyecto_ws/src/camara_pkg/build/camara_pkg/build install --record /home/mich-amu/uaows/src/J2D2/Microproyecto_ws/src/camara_pkg/build/camara_pkg/install.log --single-version-externally-managed install_data --force
[2.510s] running egg_info
[2.540s] writing build/camara_pkg/camara_pkg.egg-info/PKG-INFO
[2.540s] writing dependency_links to build/camara_pkg/camara_pkg.egg-info/dependency_links.txt
[2.540s] writing entry points to build/camara_pkg/camara_pkg.egg-info/entry_points.txt
[2.541s] writing requirements to build/camara_pkg/camara_pkg.egg-info/requires.txt
[2.541s] writing top-level names to build/camara_pkg/camara_pkg.egg-info/top_level.txt
[2.599s] reading manifest file 'build/camara_pkg/camara_pkg.egg-info/SOURCES.txt'
[2.600s] writing manifest file 'build/camara_pkg/camara_pkg.egg-info/SOURCES.txt'
[2.600s] running build
[2.600s] running build_py
[2.601s] copying camara_pkg/guidos.py -> /home/mich-amu/uaows/src/J2D2/Microproyecto_ws/src/camara_pkg/build/camara_pkg/build/lib/camara_pkg
[2.601s] copying camara_pkg/teleop.py -> /home/mich-amu/uaows/src/J2D2/Microproyecto_ws/src/camara_pkg/build/camara_pkg/build/lib/camara_pkg
[2.602s] running install
[2.611s] running install_lib
[2.639s] copying /home/mich-amu/uaows/src/J2D2/Microproyecto_ws/src/camara_pkg/build/camara_pkg/build/lib/camara_pkg/movemotors.py -> /home/mich-amu/uaows/src/J2D2/Microproyecto_ws/src/camara_pkg/install/camara_pkg/lib/python3.12/site-packages/camara_pkg
[2.639s] copying /home/mich-amu/uaows/src/J2D2/Microproyecto_ws/src/camara_pkg/build/camara_pkg/build/lib/camara_pkg/guidos.py -> /home/mich-amu/uaows/src/J2D2/Microproyecto_ws/src/camara_pkg/install/camara_pkg/lib/python3.12/site-packages/camara_pkg
[2.640s] copying /home/mich-amu/uaows/src/J2D2/Microproyecto_ws/src/camara_pkg/build/camara_pkg/build/lib/camara_pkg/teleop.py -> /home/mich-amu/uaows/src/J2D2/Microproyecto_ws/src/camara_pkg/install/camara_pkg/lib/python3.12/site-packages/camara_pkg
[2.640s] copying /home/mich-amu/uaows/src/J2D2/Microproyecto_ws/src/camara_pkg/build/camara_pkg/build/lib/camara_pkg/camara_node.py -> /home/mich-amu/uaows/src/J2D2/Microproyecto_ws/src/camara_pkg/install/camara_pkg/lib/python3.12/site-packages/camara_pkg
[2.640s] copying /home/mich-amu/uaows/src/J2D2/Microproyecto_ws/src/camara_pkg/build/camara_pkg/build/lib/camara_pkg/camera_gui_node.py -> /home/mich-amu/uaows/src/J2D2/Microproyecto_ws/src/camara_pkg/install/camara_pkg/lib/python3.12/site-packages/camara_pkg
[2.640s] copying /home/mich-amu/uaows/src/J2D2/Microproyecto_ws/src/camara_pkg/build/camara_pkg/build/lib/camara_pkg/__init__.py -> /home/mich-amu/uaows/src/J2D2/Microproyecto_ws/src/camara_pkg/install/camara_pkg/lib/python3.12/site-packages/camara_pkg
[2.640s] copying /home/mich-amu/uaows/src/J2D2/Microproyecto_ws/src/camara_pkg/build/camara_pkg/build/lib/camara_pkg/mqtt_bridge_node.py -> /home/mich-amu/uaows/src/J2D2/Microproyecto_ws/src/camara_pkg/install/camara_pkg/lib/python3.12/site-packages/camara_pkg
[2.641s] byte-compiling /home/mich-amu/uaows/src/J2D2/Microproyecto_ws/src/camara_pkg/install/camara_pkg/lib/python3.12/site-packages/camara_pkg/movemotors.py to movemotors.cpython-312.pyc
[2.642s] byte-compiling /home/mich-amu/uaows/src/J2D2/Microproyecto_ws/src/camara_pkg/install/camara_pkg/lib/python3.12/site-packages/camara_pkg/guidos.py to guidos.cpython-312.pyc
[2.648s] byte-compiling /home/mich-amu/uaows/src/J2D2/Microproyecto_ws/src/camara_pkg/install/camara_pkg/lib/python3.12/site-packages/camara_pkg/teleop.py to teleop.cpython-312.pyc
[2.651s] byte-compiling /home/mich-amu/uaows/src/J2D2/Microproyecto_ws/src/camara_pkg/install/camara_pkg/lib/python3.12/site-packages/camara_pkg/camara_node.py to camara_node.cpython-312.pyc
[2.652s] byte-compiling /home/mich-amu/uaows/src/J2D2/Microproyecto_ws/src/camara_pkg/install/camara_pkg/lib/python3.12/site-packages/camara_pkg/camera_gui_node.py to camera_gui_node.cpython-312.pyc
[2.653s] byte-compiling /home/mich-amu/uaows/src/J2D2/Microproyecto_ws/src/camara_pkg/install/camara_pkg/lib/python3.12/site-packages/camara_pkg/__init__.py to __init__.cpython-312.pyc
[2.653s] byte-compiling /home/mich-amu/uaows/src/J2D2/Microproyecto_ws/src/camara_pkg/install/camara_pkg/lib/python3.12/site-packages/camara_pkg/mqtt_bridge_node.py to mqtt_bridge_node.cpython-312.pyc
[2.654s] running install_data
[2.655s] copying resource/camara_pkg -> /home/mich-amu/uaows/src/J2D2/Microproyecto_ws/src/camara_pkg/install/camara_pkg/share/ament_index/resource_index/packages
[2.655s] copying package.xml -> /home/mich-amu/uaows/src/J2D2/Microproyecto_ws/src/camara_pkg/install/camara_pkg/share/camara_pkg
[2.655s] copying launch/micro.launch.py -> /home/mich-amu/uaows/src/J2D2/Microproyecto_ws/src/camara_pkg/install/camara_pkg/share/camara_pkg/launch
[2.655s] copying launch/gazebo.launch -> /home/mich-amu/uaows/src/J2D2/Microproyecto_ws/src/camara_pkg/install/camara_pkg/share/camara_pkg/launch
[2.655s] copying launch/display.launch -> /home/mich-amu/uaows/src/J2D2/Microproyecto_ws/src/camara_pkg/install/camara_pkg/share/camara_pkg/launch
[2.656s] copying urdf/turtlesimm.urdf -> /home/mich-amu/uaows/src/J2D2/Microproyecto_ws/src/camara_pkg/install/camara_pkg/share/camara_pkg/urdf
[2.656s] copying meshes/Motorizq_Link.STL -> /home/mich-amu/uaows/src/J2D2/Microproyecto_ws/src/camara_pkg/install/camara_pkg/share/camara_pkg/meshes
[2.656s] copying meshes/base_link.STL -> /home/mich-amu/uaows/src/J2D2/Microproyecto_ws/src/camara_pkg/install/camara_pkg/share/camara_pkg/meshes
[2.658s] copying meshes/Motorder_Link.STL -> /home/mich-amu/uaows/src/J2D2/Microproyecto_ws/src/camara_pkg/install/camara_pkg/share/camara_pkg/meshes
[2.658s] copying config/joint_names_turtlesimm.yaml -> /home/mich-amu/uaows/src/J2D2/Microproyecto_ws/src/camara_pkg/install/camara_pkg/share/camara_pkg/config
[2.659s] running install_egg_info
[2.692s] Copying build/camara_pkg/camara_pkg.egg-info to /home/mich-amu/uaows/src/J2D2/Microproyecto_ws/src/camara_pkg/install/camara_pkg/lib/python3.12/site-packages/camara_pkg-1.0.0-py3.12.egg-info
[2.693s] running install_scripts
[2.876s] Installing camara_node script to /home/mich-amu/uaows/src/J2D2/Microproyecto_ws/src/camara_pkg/install/camara_pkg/lib/camara_pkg
[2.877s] Installing camera_gui_node script to /home/mich-amu/uaows/src/J2D2/Microproyecto_ws/src/camara_pkg/install/camara_pkg/lib/camara_pkg
[2.877s] Installing guidos script to /home/mich-amu/uaows/src/J2D2/Microproyecto_ws/src/camara_pkg/install/camara_pkg/lib/camara_pkg
[2.877s] Installing movemotors script to /home/mich-amu/uaows/src/J2D2/Microproyecto_ws/src/camara_pkg/install/camara_pkg/lib/camara_pkg
[2.877s] Installing mqtt_bridge_node script to /home/mich-amu/uaows/src/J2D2/Microproyecto_ws/src/camara_pkg/install/camara_pkg/lib/camara_pkg
[2.877s] Installing salvatore_mqtt_bridge script to /home/mich-amu/uaows/src/J2D2/Microproyecto_ws/src/camara_pkg/install/camara_pkg/lib/camara_pkg
[2.877s] Installing teleop script to /home/mich-amu/uaows/src/J2D2/Microproyecto_ws/src/camara_pkg/install/camara_pkg/lib/camara_pkg
[2.878s] writing list of installed files to '/home/mich-amu/uaows/src/J2D2/Microproyecto_ws/src/camara_pkg/build/camara_pkg/install.log'
[2.906s] Invoked command in '/home/mich-amu/uaows/src/J2D2/Microproyecto_ws/src/camara_pkg' returned '0': DEBUGINFOD_URLS=https://debuginfod.ubuntu.com PYTHONPATH=/home/mich-amu/uaows/src/J2D2/Microproyecto_ws/src/camara_pkg/build/camara_pkg/prefix_override:/usr/lib/python3/dist-packages/colcon_core/task/python/colcon_distutils_commands:/home/mich-amu/uaows/src/J2D2/Microproyecto_ws/src/camara_pkg/install/camara_pkg/lib/python3.12/site-packages:${PYTHONPATH} /usr/bin/python3 -W ignore:setup.py install is deprecated -W ignore:easy_install command is deprecated setup.py egg_info --egg-base build/camara_pkg build --build-base /home/mich-amu/uaows/src/J2D2/Microproyecto_ws/src/camara_pkg/build/camara_pkg/build install --record /home/mich-amu/uaows/src/J2D2/Microproyecto_ws/src/camara_pkg/build/camara_pkg/install.log --single-version-externally-managed install_data --force
