[1.586s] Invoking command in '/home/mich-amu/uaows/src/J2D2/Microproyecto_ws/src/camara_pkg': DEBUGINFOD_URLS=https://debuginfod.ubuntu.com PYTHONPATH=/home/mich-amu/uaows/src/J2D2/Microproyecto_ws/src/build/camara_pkg/prefix_override:/usr/lib/python3/dist-packages/colcon_core/task/python/colcon_distutils_commands:/home/mich-amu/uaows/src/J2D2/Microproyecto_ws/src/install/camara_pkg/lib/python3.12/site-packages:${PYTHONPATH} /usr/bin/python3 -W ignore:setup.py install is deprecated -W ignore:easy_install command is deprecated setup.py egg_info --egg-base ../build/camara_pkg build --build-base /home/mich-amu/uaows/src/J2D2/Microproyecto_ws/src/build/camara_pkg/build install --record /home/mich-amu/uaows/src/J2D2/Microproyecto_ws/src/build/camara_pkg/install.log --single-version-externally-managed install_data
[1.915s] running egg_info
[1.940s] writing ../build/camara_pkg/camara_pkg.egg-info/PKG-INFO
[1.940s] writing dependency_links to ../build/camara_pkg/camara_pkg.egg-info/dependency_links.txt
[1.942s] writing entry points to ../build/camara_pkg/camara_pkg.egg-info/entry_points.txt
[1.943s] writing requirements to ../build/camara_pkg/camara_pkg.egg-info/requires.txt
[1.943s] writing top-level names to ../build/camara_pkg/camara_pkg.egg-info/top_level.txt
[1.988s] reading manifest file '../build/camara_pkg/camara_pkg.egg-info/SOURCES.txt'
[1.989s] writing manifest file '../build/camara_pkg/camara_pkg.egg-info/SOURCES.txt'
[1.989s] running build
[1.989s] running build_py
[1.990s] copying camara_pkg/guidos.py -> /home/mich-amu/uaows/src/J2D2/Microproyecto_ws/src/build/camara_pkg/build/lib/camara_pkg
[1.990s] copying camara_pkg/mqtt_bridge_node.py -> /home/mich-amu/uaows/src/J2D2/Microproyecto_ws/src/build/camara_pkg/build/lib/camara_pkg
[1.991s] running install
[1.998s] running install_lib
[2.025s] copying /home/mich-amu/uaows/src/J2D2/Microproyecto_ws/src/build/camara_pkg/build/lib/camara_pkg/guidos.py -> /home/mich-amu/uaows/src/J2D2/Microproyecto_ws/src/install/camara_pkg/lib/python3.12/site-packages/camara_pkg
[2.025s] copying /home/mich-amu/uaows/src/J2D2/Microproyecto_ws/src/build/camara_pkg/build/lib/camara_pkg/mqtt_bridge_node.py -> /home/mich-amu/uaows/src/J2D2/Microproyecto_ws/src/install/camara_pkg/lib/python3.12/site-packages/camara_pkg
[2.026s] byte-compiling /home/mich-amu/uaows/src/J2D2/Microproyecto_ws/src/install/camara_pkg/lib/python3.12/site-packages/camara_pkg/guidos.py to guidos.cpython-312.pyc
[2.032s] byte-compiling /home/mich-amu/uaows/src/J2D2/Microproyecto_ws/src/install/camara_pkg/lib/python3.12/site-packages/camara_pkg/mqtt_bridge_node.py to mqtt_bridge_node.cpython-312.pyc
[2.034s] running install_data
[2.034s] running install_egg_info
[2.059s] removing '/home/mich-amu/uaows/src/J2D2/Microproyecto_ws/src/install/camara_pkg/lib/python3.12/site-packages/camara_pkg-1.0.0-py3.12.egg-info' (and everything under it)
[2.060s] Copying ../build/camara_pkg/camara_pkg.egg-info to /home/mich-amu/uaows/src/J2D2/Microproyecto_ws/src/install/camara_pkg/lib/python3.12/site-packages/camara_pkg-1.0.0-py3.12.egg-info
[2.061s] running install_scripts
[2.220s] Installing camara_node script to /home/mich-amu/uaows/src/J2D2/Microproyecto_ws/src/install/camara_pkg/lib/camara_pkg
[2.220s] Installing camera_gui_node script to /home/mich-amu/uaows/src/J2D2/Microproyecto_ws/src/install/camara_pkg/lib/camara_pkg
[2.220s] Installing guidos script to /home/mich-amu/uaows/src/J2D2/Microproyecto_ws/src/install/camara_pkg/lib/camara_pkg
[2.221s] Installing movemotors script to /home/mich-amu/uaows/src/J2D2/Microproyecto_ws/src/install/camara_pkg/lib/camara_pkg
[2.221s] Installing mqtt_bridge_node script to /home/mich-amu/uaows/src/J2D2/Microproyecto_ws/src/install/camara_pkg/lib/camara_pkg
[2.221s] Installing salvatore_mqtt_bridge script to /home/mich-amu/uaows/src/J2D2/Microproyecto_ws/src/install/camara_pkg/lib/camara_pkg
[2.222s] Installing teleop script to /home/mich-amu/uaows/src/J2D2/Microproyecto_ws/src/install/camara_pkg/lib/camara_pkg
[2.222s] writing list of installed files to '/home/mich-amu/uaows/src/J2D2/Microproyecto_ws/src/build/camara_pkg/install.log'
[2.255s] Invoked command in '/home/mich-amu/uaows/src/J2D2/Microproyecto_ws/src/camara_pkg' returned '0': DEBUGINFOD_URLS=https://debuginfod.ubuntu.com PYTHONPATH=/home/mich-amu/uaows/src/J2D2/Microproyecto_ws/src/build/camara_pkg/prefix_override:/usr/lib/python3/dist-packages/colcon_core/task/python/colcon_distutils_commands:/home/mich-amu/uaows/src/J2D2/Microproyecto_ws/src/install/camara_pkg/lib/python3.12/site-packages:${PYTHONPATH} /usr/bin/python3 -W ignore:setup.py install is deprecated -W ignore:easy_install command is deprecated setup.py egg_info --egg-base ../build/camara_pkg build --build-base /home/mich-amu/uaows/src/J2D2/Microproyecto_ws/src/build/camara_pkg/build install --record /home/mich-amu/uaows/src/J2D2/Microproyecto_ws/src/build/camara_pkg/install.log --single-version-externally-managed install_data
