[0.604s] Invoking command in '/home/camilo/J2D2/Microproyecto_ws/src/camara_pkg': DEBUGINFOD_URLS=https://debuginfod.ubuntu.com PYTHONPATH=/home/camilo/J2D2/Microproyecto_ws/build/camara_pkg/prefix_override:/usr/lib/python3/dist-packages/colcon_core/task/python/colcon_distutils_commands:/home/camilo/J2D2/Microproyecto_ws/install/camara_pkg/lib/python3.12/site-packages:${PYTHONPATH} /usr/bin/python3 -W ignore:setup.py install is deprecated -W ignore:easy_install command is deprecated setup.py egg_info --egg-base ../../build/camara_pkg build --build-base /home/camilo/J2D2/Microproyecto_ws/build/camara_pkg/build install --record /home/camilo/J2D2/Microproyecto_ws/build/camara_pkg/install.log --single-version-externally-managed install_data
[0.797s] running egg_info
[0.809s] writing ../../build/camara_pkg/camara_pkg.egg-info/PKG-INFO
[0.809s] writing dependency_links to ../../build/camara_pkg/camara_pkg.egg-info/dependency_links.txt
[0.810s] writing entry points to ../../build/camara_pkg/camara_pkg.egg-info/entry_points.txt
[0.810s] writing requirements to ../../build/camara_pkg/camara_pkg.egg-info/requires.txt
[0.810s] writing top-level names to ../../build/camara_pkg/camara_pkg.egg-info/top_level.txt
[0.835s] reading manifest file '../../build/camara_pkg/camara_pkg.egg-info/SOURCES.txt'
[0.835s] writing manifest file '../../build/camara_pkg/camara_pkg.egg-info/SOURCES.txt'
[0.835s] running build
[0.835s] running build_py
[0.836s] copying camara_pkg/guidos.py -> /home/camilo/J2D2/Microproyecto_ws/build/camara_pkg/build/lib/camara_pkg
[0.836s] running install
[0.840s] running install_lib
[0.852s] copying /home/camilo/J2D2/Microproyecto_ws/build/camara_pkg/build/lib/camara_pkg/guidos.py -> /home/camilo/J2D2/Microproyecto_ws/install/camara_pkg/lib/python3.12/site-packages/camara_pkg
[0.853s] byte-compiling /home/camilo/J2D2/Microproyecto_ws/install/camara_pkg/lib/python3.12/site-packages/camara_pkg/guidos.py to guidos.cpython-312.pyc
[0.856s] running install_data
[0.856s] running install_egg_info
[0.869s] removing '/home/camilo/J2D2/Microproyecto_ws/install/camara_pkg/lib/python3.12/site-packages/camara_pkg-0.0.0-py3.12.egg-info' (and everything under it)
[0.869s] Copying ../../build/camara_pkg/camara_pkg.egg-info to /home/camilo/J2D2/Microproyecto_ws/install/camara_pkg/lib/python3.12/site-packages/camara_pkg-0.0.0-py3.12.egg-info
[0.870s] running install_scripts
[0.973s] Installing camara_node script to /home/camilo/J2D2/Microproyecto_ws/install/camara_pkg/lib/camara_pkg
[0.973s] Installing camera_gui_node script to /home/camilo/J2D2/Microproyecto_ws/install/camara_pkg/lib/camara_pkg
[0.973s] Installing guidos script to /home/camilo/J2D2/Microproyecto_ws/install/camara_pkg/lib/camara_pkg
[0.973s] Installing movemotors script to /home/camilo/J2D2/Microproyecto_ws/install/camara_pkg/lib/camara_pkg
[0.973s] Installing salvatore_mqtt_bridge script to /home/camilo/J2D2/Microproyecto_ws/install/camara_pkg/lib/camara_pkg
[0.973s] Installing teleop script to /home/camilo/J2D2/Microproyecto_ws/install/camara_pkg/lib/camara_pkg
[0.974s] writing list of installed files to '/home/camilo/J2D2/Microproyecto_ws/build/camara_pkg/install.log'
[0.994s] Invoked command in '/home/camilo/J2D2/Microproyecto_ws/src/camara_pkg' returned '0': DEBUGINFOD_URLS=https://debuginfod.ubuntu.com PYTHONPATH=/home/camilo/J2D2/Microproyecto_ws/build/camara_pkg/prefix_override:/usr/lib/python3/dist-packages/colcon_core/task/python/colcon_distutils_commands:/home/camilo/J2D2/Microproyecto_ws/install/camara_pkg/lib/python3.12/site-packages:${PYTHONPATH} /usr/bin/python3 -W ignore:setup.py install is deprecated -W ignore:easy_install command is deprecated setup.py egg_info --egg-base ../../build/camara_pkg build --build-base /home/camilo/J2D2/Microproyecto_ws/build/camara_pkg/build install --record /home/camilo/J2D2/Microproyecto_ws/build/camara_pkg/install.log --single-version-externally-managed install_data
