[0.989s] Invoking command in '/home/mich-amu/uaows/src/J2D2/build/camara_pkg': DEBUGINFOD_URLS=https://debuginfod.ubuntu.com PYTHONPATH=/home/mich-amu/uaows/src/J2D2/build/camara_pkg/prefix_override:/usr/lib/python3/dist-packages/colcon_core/task/python/colcon_distutils_commands:/home/mich-amu/uaows/src/J2D2/install/camara_pkg/lib/python3.12/site-packages:${PYTHONPATH} /usr/bin/python3 -W ignore:setup.py install is deprecated -W ignore:easy_install command is deprecated setup.py develop --editable --build-directory /home/mich-amu/uaows/src/J2D2/build/camara_pkg/build --no-deps symlink_data
[1.401s] running develop
[1.667s] running egg_info
[1.667s] creating camara_pkg.egg-info
[1.693s] writing camara_pkg.egg-info/PKG-INFO
[1.693s] writing dependency_links to camara_pkg.egg-info/dependency_links.txt
[1.694s] writing entry points to camara_pkg.egg-info/entry_points.txt
[1.694s] writing requirements to camara_pkg.egg-info/requires.txt
[1.694s] writing top-level names to camara_pkg.egg-info/top_level.txt
[1.694s] writing manifest file 'camara_pkg.egg-info/SOURCES.txt'
[1.750s] reading manifest file 'camara_pkg.egg-info/SOURCES.txt'
[1.750s] writing manifest file 'camara_pkg.egg-info/SOURCES.txt'
[1.778s] running build_ext
[1.778s] Creating /home/mich-amu/uaows/src/J2D2/install/camara_pkg/lib/python3.12/site-packages/camara-pkg.egg-link (link to .)
[1.779s] Installing camara_node script to /home/mich-amu/uaows/src/J2D2/install/camara_pkg/lib/camara_pkg
[1.779s] Installing camera_gui_node script to /home/mich-amu/uaows/src/J2D2/install/camara_pkg/lib/camara_pkg
[1.779s] Installing guidos script to /home/mich-amu/uaows/src/J2D2/install/camara_pkg/lib/camara_pkg
[1.780s] Installing movemotors script to /home/mich-amu/uaows/src/J2D2/install/camara_pkg/lib/camara_pkg
[1.780s] Installing mqtt_bridge_node script to /home/mich-amu/uaows/src/J2D2/install/camara_pkg/lib/camara_pkg
[1.780s] Installing salvatore_mqtt_bridge script to /home/mich-amu/uaows/src/J2D2/install/camara_pkg/lib/camara_pkg
[1.780s] Installing teleop script to /home/mich-amu/uaows/src/J2D2/install/camara_pkg/lib/camara_pkg
[1.780s] 
[1.781s] Installed /home/mich-amu/uaows/src/J2D2/build/camara_pkg
[1.781s] running symlink_data
[1.781s] creating /home/mich-amu/uaows/src/J2D2/install/camara_pkg/share/ament_index
[1.781s] creating /home/mich-amu/uaows/src/J2D2/install/camara_pkg/share/ament_index/resource_index
[1.782s] creating /home/mich-amu/uaows/src/J2D2/install/camara_pkg/share/ament_index/resource_index/packages
[1.782s] symbolically linking /home/mich-amu/uaows/src/J2D2/build/camara_pkg/resource/camara_pkg -> /home/mich-amu/uaows/src/J2D2/install/camara_pkg/share/ament_index/resource_index/packages
[1.782s] symbolically linking /home/mich-amu/uaows/src/J2D2/build/camara_pkg/package.xml -> /home/mich-amu/uaows/src/J2D2/install/camara_pkg/share/camara_pkg
[1.782s] creating /home/mich-amu/uaows/src/J2D2/install/camara_pkg/share/camara_pkg/launch
[1.782s] symbolically linking /home/mich-amu/uaows/src/J2D2/build/camara_pkg/launch/micro.launch.py -> /home/mich-amu/uaows/src/J2D2/install/camara_pkg/share/camara_pkg/launch
[1.782s] symbolically linking /home/mich-amu/uaows/src/J2D2/build/camara_pkg/launch/gazebo.launch -> /home/mich-amu/uaows/src/J2D2/install/camara_pkg/share/camara_pkg/launch
[1.782s] symbolically linking /home/mich-amu/uaows/src/J2D2/build/camara_pkg/launch/display.launch -> /home/mich-amu/uaows/src/J2D2/install/camara_pkg/share/camara_pkg/launch
[1.782s] creating /home/mich-amu/uaows/src/J2D2/install/camara_pkg/share/camara_pkg/urdf
[1.782s] symbolically linking /home/mich-amu/uaows/src/J2D2/build/camara_pkg/urdf/turtlesimm.urdf -> /home/mich-amu/uaows/src/J2D2/install/camara_pkg/share/camara_pkg/urdf
[1.782s] creating /home/mich-amu/uaows/src/J2D2/install/camara_pkg/share/camara_pkg/meshes
[1.783s] symbolically linking /home/mich-amu/uaows/src/J2D2/build/camara_pkg/meshes/Motorizq_Link.STL -> /home/mich-amu/uaows/src/J2D2/install/camara_pkg/share/camara_pkg/meshes
[1.783s] symbolically linking /home/mich-amu/uaows/src/J2D2/build/camara_pkg/meshes/base_link.STL -> /home/mich-amu/uaows/src/J2D2/install/camara_pkg/share/camara_pkg/meshes
[1.783s] symbolically linking /home/mich-amu/uaows/src/J2D2/build/camara_pkg/meshes/Motorder_Link.STL -> /home/mich-amu/uaows/src/J2D2/install/camara_pkg/share/camara_pkg/meshes
[1.783s] creating /home/mich-amu/uaows/src/J2D2/install/camara_pkg/share/camara_pkg/config
[1.783s] symbolically linking /home/mich-amu/uaows/src/J2D2/build/camara_pkg/config/joint_names_turtlesimm.yaml -> /home/mich-amu/uaows/src/J2D2/install/camara_pkg/share/camara_pkg/config
[1.821s] Invoked command in '/home/mich-amu/uaows/src/J2D2/build/camara_pkg' returned '0': DEBUGINFOD_URLS=https://debuginfod.ubuntu.com PYTHONPATH=/home/mich-amu/uaows/src/J2D2/build/camara_pkg/prefix_override:/usr/lib/python3/dist-packages/colcon_core/task/python/colcon_distutils_commands:/home/mich-amu/uaows/src/J2D2/install/camara_pkg/lib/python3.12/site-packages:${PYTHONPATH} /usr/bin/python3 -W ignore:setup.py install is deprecated -W ignore:easy_install command is deprecated setup.py develop --editable --build-directory /home/mich-amu/uaows/src/J2D2/build/camara_pkg/build --no-deps symlink_data
