[1.030s] Invoking command in '/home/mich-amu/uaows/src/J2D2/Microproyecto_ws/src/camara_pkg': DEBUGINFOD_URLS=https://debuginfod.ubuntu.com PYTHONPATH=/home/mich-amu/uaows/src/J2D2/Microproyecto_ws/build/camara_pkg/prefix_override:/usr/lib/python3/dist-packages/colcon_core/task/python/colcon_distutils_commands:/home/mich-amu/uaows/src/J2D2/Microproyecto_ws/install/camara_pkg/lib/python3.12/site-packages:${PYTHONPATH} /usr/bin/python3 -W ignore:setup.py install is deprecated -W ignore:easy_install command is deprecated setup.py egg_info --egg-base ../../build/camara_pkg build --build-base /home/mich-amu/uaows/src/J2D2/Microproyecto_ws/build/camara_pkg/build install --record /home/mich-amu/uaows/src/J2D2/Microproyecto_ws/build/camara_pkg/install.log --single-version-externally-managed install_data
[1.334s] running egg_info
[1.357s] writing ../../build/camara_pkg/camara_pkg.egg-info/PKG-INFO
[1.360s] writing dependency_links to ../../build/camara_pkg/camara_pkg.egg-info/dependency_links.txt
[1.361s] writing entry points to ../../build/camara_pkg/camara_pkg.egg-info/entry_points.txt
[1.361s] writing requirements to ../../build/camara_pkg/camara_pkg.egg-info/requires.txt
[1.361s] writing top-level names to ../../build/camara_pkg/camara_pkg.egg-info/top_level.txt
[1.415s] reading manifest file '../../build/camara_pkg/camara_pkg.egg-info/SOURCES.txt'
[1.416s] writing manifest file '../../build/camara_pkg/camara_pkg.egg-info/SOURCES.txt'
[1.416s] running build
[1.416s] running build_py
[1.417s] copying camara_pkg/guidos.py -> /home/mich-amu/uaows/src/J2D2/Microproyecto_ws/build/camara_pkg/build/lib/camara_pkg
[1.418s] running install
[1.424s] running install_lib
[1.447s] copying /home/mich-amu/uaows/src/J2D2/Microproyecto_ws/build/camara_pkg/build/lib/camara_pkg/guidos.py -> /home/mich-amu/uaows/src/J2D2/Microproyecto_ws/install/camara_pkg/lib/python3.12/site-packages/camara_pkg
[1.448s] byte-compiling /home/mich-amu/uaows/src/J2D2/Microproyecto_ws/install/camara_pkg/lib/python3.12/site-packages/camara_pkg/guidos.py to guidos.cpython-312.pyc
[1.452s] running install_data
[1.454s] running install_egg_info
[1.477s] removing '/home/mich-amu/uaows/src/J2D2/Microproyecto_ws/install/camara_pkg/lib/python3.12/site-packages/camara_pkg-1.0.0-py3.12.egg-info' (and everything under it)
[1.478s] Copying ../../build/camara_pkg/camara_pkg.egg-info to /home/mich-amu/uaows/src/J2D2/Microproyecto_ws/install/camara_pkg/lib/python3.12/site-packages/camara_pkg-1.0.0-py3.12.egg-info
[1.479s] running install_scripts
[1.646s] Installing camara_node script to /home/mich-amu/uaows/src/J2D2/Microproyecto_ws/install/camara_pkg/lib/camara_pkg
[1.646s] Installing camera_gui_node script to /home/mich-amu/uaows/src/J2D2/Microproyecto_ws/install/camara_pkg/lib/camara_pkg
[1.646s] Installing guidos script to /home/mich-amu/uaows/src/J2D2/Microproyecto_ws/install/camara_pkg/lib/camara_pkg
[1.647s] Installing movemotors script to /home/mich-amu/uaows/src/J2D2/Microproyecto_ws/install/camara_pkg/lib/camara_pkg
[1.647s] Installing mqtt_bridge_node script to /home/mich-amu/uaows/src/J2D2/Microproyecto_ws/install/camara_pkg/lib/camara_pkg
[1.647s] Installing salvatore_mqtt_bridge script to /home/mich-amu/uaows/src/J2D2/Microproyecto_ws/install/camara_pkg/lib/camara_pkg
[1.647s] Installing teleop script to /home/mich-amu/uaows/src/J2D2/Microproyecto_ws/install/camara_pkg/lib/camara_pkg
[1.647s] writing list of installed files to '/home/mich-amu/uaows/src/J2D2/Microproyecto_ws/build/camara_pkg/install.log'
[1.672s] Invoked command in '/home/mich-amu/uaows/src/J2D2/Microproyecto_ws/src/camara_pkg' returned '0': DEBUGINFOD_URLS=https://debuginfod.ubuntu.com PYTHONPATH=/home/mich-amu/uaows/src/J2D2/Microproyecto_ws/build/camara_pkg/prefix_override:/usr/lib/python3/dist-packages/colcon_core/task/python/colcon_distutils_commands:/home/mich-amu/uaows/src/J2D2/Microproyecto_ws/install/camara_pkg/lib/python3.12/site-packages:${PYTHONPATH} /usr/bin/python3 -W ignore:setup.py install is deprecated -W ignore:easy_install command is deprecated setup.py egg_info --egg-base ../../build/camara_pkg build --build-base /home/mich-amu/uaows/src/J2D2/Microproyecto_ws/build/camara_pkg/build install --record /home/mich-amu/uaows/src/J2D2/Microproyecto_ws/build/camara_pkg/install.log --single-version-externally-managed install_data
