[0.390s] Invoking command in '/home/jean/ros2_ws/src/camara_pkg': PYTHONPATH=/home/jean/ros2_ws/src/camara_pkg/build/camara_pkg/prefix_override:/usr/lib/python3/dist-packages/colcon_core/task/python/colcon_distutils_commands:/home/jean/ros2_ws/src/camara_pkg/install/camara_pkg/lib/python3.10/site-packages:${PYTHONPATH} /usr/bin/python3 -W ignore:setup.py install is deprecated -W ignore:easy_install command is deprecated setup.py egg_info --egg-base build/camara_pkg build --build-base /home/jean/ros2_ws/src/camara_pkg/build/camara_pkg/build install --record /home/jean/ros2_ws/src/camara_pkg/build/camara_pkg/install.log --single-version-externally-managed install_data
[0.533s] running egg_info
[0.533s] writing build/camara_pkg/camara_pkg.egg-info/PKG-INFO
[0.534s] writing dependency_links to build/camara_pkg/camara_pkg.egg-info/dependency_links.txt
[0.534s] writing entry points to build/camara_pkg/camara_pkg.egg-info/entry_points.txt
[0.534s] writing requirements to build/camara_pkg/camara_pkg.egg-info/requires.txt
[0.534s] writing top-level names to build/camara_pkg/camara_pkg.egg-info/top_level.txt
[0.535s] reading manifest file 'build/camara_pkg/camara_pkg.egg-info/SOURCES.txt'
[0.535s] writing manifest file 'build/camara_pkg/camara_pkg.egg-info/SOURCES.txt'
[0.535s] running build
[0.536s] running build_py
[0.536s] running install
[0.536s] running install_lib
[0.537s] running install_data
[0.537s] running install_egg_info
[0.539s] removing '/home/jean/ros2_ws/src/camara_pkg/install/camara_pkg/lib/python3.10/site-packages/camara_pkg-0.0.0-py3.10.egg-info' (and everything under it)
[0.539s] Copying build/camara_pkg/camara_pkg.egg-info to /home/jean/ros2_ws/src/camara_pkg/install/camara_pkg/lib/python3.10/site-packages/camara_pkg-0.0.0-py3.10.egg-info
[0.539s] running install_scripts
[0.551s] Installing camara_node script to /home/jean/ros2_ws/src/camara_pkg/install/camara_pkg/lib/camara_pkg
[0.551s] Installing camera_gui_node script to /home/jean/ros2_ws/src/camara_pkg/install/camara_pkg/lib/camara_pkg
[0.552s] Installing guidos script to /home/jean/ros2_ws/src/camara_pkg/install/camara_pkg/lib/camara_pkg
[0.552s] Installing movemotors script to /home/jean/ros2_ws/src/camara_pkg/install/camara_pkg/lib/camara_pkg
[0.552s] Installing salvatore_mqtt_bridge script to /home/jean/ros2_ws/src/camara_pkg/install/camara_pkg/lib/camara_pkg
[0.552s] Installing teleop script to /home/jean/ros2_ws/src/camara_pkg/install/camara_pkg/lib/camara_pkg
[0.552s] writing list of installed files to '/home/jean/ros2_ws/src/camara_pkg/build/camara_pkg/install.log'
[0.570s] Invoked command in '/home/jean/ros2_ws/src/camara_pkg' returned '0': PYTHONPATH=/home/jean/ros2_ws/src/camara_pkg/build/camara_pkg/prefix_override:/usr/lib/python3/dist-packages/colcon_core/task/python/colcon_distutils_commands:/home/jean/ros2_ws/src/camara_pkg/install/camara_pkg/lib/python3.10/site-packages:${PYTHONPATH} /usr/bin/python3 -W ignore:setup.py install is deprecated -W ignore:easy_install command is deprecated setup.py egg_info --egg-base build/camara_pkg build --build-base /home/jean/ros2_ws/src/camara_pkg/build/camara_pkg/build install --record /home/jean/ros2_ws/src/camara_pkg/build/camara_pkg/install.log --single-version-externally-managed install_data
