[1.106s] Invoking command in '/home/mich-amu/uaows/src/J2D2/Microproyecto_ws/src/camara_pkg': DEBUGINFOD_URLS=https://debuginfod.ubuntu.com PYTHONPATH=/home/mich-amu/uaows/src/J2D2/Microproyecto_ws/build/camara_pkg/prefix_override:/usr/lib/python3/dist-packages/colcon_core/task/python/colcon_distutils_commands:/home/mich-amu/uaows/src/J2D2/Microproyecto_ws/install/camara_pkg/lib/python3.12/site-packages:${PYTHONPATH} /usr/bin/python3 -W ignore:setup.py install is deprecated -W ignore:easy_install command is deprecated setup.py egg_info --egg-base ../../build/camara_pkg build --build-base /home/mich-amu/uaows/src/J2D2/Microproyecto_ws/build/camara_pkg/build install --record /home/mich-amu/uaows/src/J2D2/Microproyecto_ws/build/camara_pkg/install.log --single-version-externally-managed install_data
[1.461s] running egg_info
[1.492s] writing ../../build/camara_pkg/camara_pkg.egg-info/PKG-INFO
[1.492s] writing dependency_links to ../../build/camara_pkg/camara_pkg.egg-info/dependency_links.txt
[1.493s] writing entry points to ../../build/camara_pkg/camara_pkg.egg-info/entry_points.txt
[1.493s] writing requirements to ../../build/camara_pkg/camara_pkg.egg-info/requires.txt
[1.493s] writing top-level names to ../../build/camara_pkg/camara_pkg.egg-info/top_level.txt
[1.553s] reading manifest file '../../build/camara_pkg/camara_pkg.egg-info/SOURCES.txt'
[1.554s] writing manifest file '../../build/camara_pkg/camara_pkg.egg-info/SOURCES.txt'
[1.554s] running build
[1.554s] running build_py
[1.555s] copying camara_pkg/mqtt_bridge_node.py -> /home/mich-amu/uaows/src/J2D2/Microproyecto_ws/build/camara_pkg/build/lib/camara_pkg
[1.555s] running install
[1.563s] running install_lib
[1.595s] copying /home/mich-amu/uaows/src/J2D2/Microproyecto_ws/build/camara_pkg/build/lib/camara_pkg/mqtt_bridge_node.py -> /home/mich-amu/uaows/src/J2D2/Microproyecto_ws/install/camara_pkg/lib/python3.12/site-packages/camara_pkg
[1.596s] byte-compiling /home/mich-amu/uaows/src/J2D2/Microproyecto_ws/install/camara_pkg/lib/python3.12/site-packages/camara_pkg/mqtt_bridge_node.py to mqtt_bridge_node.cpython-312.pyc
[1.598s] running install_data
[1.598s] running install_egg_info
[1.631s] removing '/home/mich-amu/uaows/src/J2D2/Microproyecto_ws/install/camara_pkg/lib/python3.12/site-packages/camara_pkg-1.0.0-py3.12.egg-info' (and everything under it)
[1.632s] Copying ../../build/camara_pkg/camara_pkg.egg-info to /home/mich-amu/uaows/src/J2D2/Microproyecto_ws/install/camara_pkg/lib/python3.12/site-packages/camara_pkg-1.0.0-py3.12.egg-info
[1.632s] running install_scripts
[1.867s] Installing camara_node script to /home/mich-amu/uaows/src/J2D2/Microproyecto_ws/install/camara_pkg/lib/camara_pkg
[1.867s] Installing camera_gui_node script to /home/mich-amu/uaows/src/J2D2/Microproyecto_ws/install/camara_pkg/lib/camara_pkg
[1.867s] Installing guidos script to /home/mich-amu/uaows/src/J2D2/Microproyecto_ws/install/camara_pkg/lib/camara_pkg
[1.868s] Installing movemotors script to /home/mich-amu/uaows/src/J2D2/Microproyecto_ws/install/camara_pkg/lib/camara_pkg
[1.868s] Installing mqtt_bridge_node script to /home/mich-amu/uaows/src/J2D2/Microproyecto_ws/install/camara_pkg/lib/camara_pkg
[1.868s] Installing salvatore_mqtt_bridge script to /home/mich-amu/uaows/src/J2D2/Microproyecto_ws/install/camara_pkg/lib/camara_pkg
[1.868s] Installing teleop script to /home/mich-amu/uaows/src/J2D2/Microproyecto_ws/install/camara_pkg/lib/camara_pkg
[1.869s] writing list of installed files to '/home/mich-amu/uaows/src/J2D2/Microproyecto_ws/build/camara_pkg/install.log'
[1.906s] Invoked command in '/home/mich-amu/uaows/src/J2D2/Microproyecto_ws/src/camara_pkg' returned '0': DEBUGINFOD_URLS=https://debuginfod.ubuntu.com PYTHONPATH=/home/mich-amu/uaows/src/J2D2/Microproyecto_ws/build/camara_pkg/prefix_override:/usr/lib/python3/dist-packages/colcon_core/task/python/colcon_distutils_commands:/home/mich-amu/uaows/src/J2D2/Microproyecto_ws/install/camara_pkg/lib/python3.12/site-packages:${PYTHONPATH} /usr/bin/python3 -W ignore:setup.py install is deprecated -W ignore:easy_install command is deprecated setup.py egg_info --egg-base ../../build/camara_pkg build --build-base /home/mich-amu/uaows/src/J2D2/Microproyecto_ws/build/camara_pkg/build install --record /home/mich-amu/uaows/src/J2D2/Microproyecto_ws/build/camara_pkg/install.log --single-version-externally-managed install_data
