[0.695s] Invoking command in '/home/camilo/J2D2/Microproyecto_ws/src/camara_pkg': DEBUGINFOD_URLS=https://debuginfod.ubuntu.com PYTHONPATH=/home/camilo/J2D2/build/camara_pkg/prefix_override:/usr/lib/python3/dist-packages/colcon_core/task/python/colcon_distutils_commands:/home/camilo/J2D2/install/camara_pkg/lib/python3.12/site-packages:${PYTHONPATH} /usr/bin/python3 -W ignore:setup.py install is deprecated -W ignore:easy_install command is deprecated setup.py egg_info --egg-base ../../../build/camara_pkg build --build-base /home/camilo/J2D2/build/camara_pkg/build install --record /home/camilo/J2D2/build/camara_pkg/install.log --single-version-externally-managed install_data
[0.858s] running egg_info
[0.869s] writing ../../../build/camara_pkg/camara_pkg.egg-info/PKG-INFO
[0.874s] writing dependency_links to ../../../build/camara_pkg/camara_pkg.egg-info/dependency_links.txt
[0.875s] writing entry points to ../../../build/camara_pkg/camara_pkg.egg-info/entry_points.txt
[0.875s] writing requirements to ../../../build/camara_pkg/camara_pkg.egg-info/requires.txt
[0.875s] writing top-level names to ../../../build/camara_pkg/camara_pkg.egg-info/top_level.txt
[0.899s] reading manifest file '../../../build/camara_pkg/camara_pkg.egg-info/SOURCES.txt'
[0.899s] writing manifest file '../../../build/camara_pkg/camara_pkg.egg-info/SOURCES.txt'
[0.899s] running build
[0.899s] running build_py
[0.900s] running install
[0.904s] running install_lib
[0.917s] running install_data
[0.917s] running install_egg_info
[0.929s] removing '/home/camilo/J2D2/install/camara_pkg/lib/python3.12/site-packages/camara_pkg-0.0.0-py3.12.egg-info' (and everything under it)
[0.929s] Copying ../../../build/camara_pkg/camara_pkg.egg-info to /home/camilo/J2D2/install/camara_pkg/lib/python3.12/site-packages/camara_pkg-0.0.0-py3.12.egg-info
[0.930s] running install_scripts
[1.006s] Installing camara_node script to /home/camilo/J2D2/install/camara_pkg/lib/camara_pkg
[1.007s] Installing camera_gui_node script to /home/camilo/J2D2/install/camara_pkg/lib/camara_pkg
[1.007s] Installing guidos script to /home/camilo/J2D2/install/camara_pkg/lib/camara_pkg
[1.007s] Installing movemotors script to /home/camilo/J2D2/install/camara_pkg/lib/camara_pkg
[1.008s] Installing salvatore_mqtt_bridge script to /home/camilo/J2D2/install/camara_pkg/lib/camara_pkg
[1.008s] Installing teleop script to /home/camilo/J2D2/install/camara_pkg/lib/camara_pkg
[1.008s] writing list of installed files to '/home/camilo/J2D2/build/camara_pkg/install.log'
[1.026s] Invoked command in '/home/camilo/J2D2/Microproyecto_ws/src/camara_pkg' returned '0': DEBUGINFOD_URLS=https://debuginfod.ubuntu.com PYTHONPATH=/home/camilo/J2D2/build/camara_pkg/prefix_override:/usr/lib/python3/dist-packages/colcon_core/task/python/colcon_distutils_commands:/home/camilo/J2D2/install/camara_pkg/lib/python3.12/site-packages:${PYTHONPATH} /usr/bin/python3 -W ignore:setup.py install is deprecated -W ignore:easy_install command is deprecated setup.py egg_info --egg-base ../../../build/camara_pkg build --build-base /home/camilo/J2D2/build/camara_pkg/build install --record /home/camilo/J2D2/build/camara_pkg/install.log --single-version-externally-managed install_data
