[0.750s] Invoking command in '/home/mich-amu/uaows/src/J2D2/Microproyecto_ws/src/camara_pkg': DEBUGINFOD_URLS=https://debuginfod.ubuntu.com PYTHONPATH=/home/mich-amu/uaows/src/J2D2/Microproyecto_ws/build/camara_pkg/prefix_override:/usr/lib/python3/dist-packages/colcon_core/task/python/colcon_distutils_commands:/home/mich-amu/uaows/src/J2D2/Microproyecto_ws/install/camara_pkg/lib/python3.12/site-packages:${PYTHONPATH} /usr/bin/python3 -W ignore:setup.py install is deprecated -W ignore:easy_install command is deprecated setup.py egg_info --egg-base ../../build/camara_pkg build --build-base /home/mich-amu/uaows/src/J2D2/Microproyecto_ws/build/camara_pkg/build install --record /home/mich-amu/uaows/src/J2D2/Microproyecto_ws/build/camara_pkg/install.log --single-version-externally-managed install_data
[1.001s] running egg_info
[1.022s] writing ../../build/camara_pkg/camara_pkg.egg-info/PKG-INFO
[1.022s] writing dependency_links to ../../build/camara_pkg/camara_pkg.egg-info/dependency_links.txt
[1.022s] writing entry points to ../../build/camara_pkg/camara_pkg.egg-info/entry_points.txt
[1.022s] writing requirements to ../../build/camara_pkg/camara_pkg.egg-info/requires.txt
[1.023s] writing top-level names to ../../build/camara_pkg/camara_pkg.egg-info/top_level.txt
[1.062s] reading manifest file '../../build/camara_pkg/camara_pkg.egg-info/SOURCES.txt'
[1.063s] writing manifest file '../../build/camara_pkg/camara_pkg.egg-info/SOURCES.txt'
[1.063s] running build
[1.063s] running build_py
[1.064s] running install
[1.069s] running install_lib
[1.089s] running install_data
[1.089s] running install_egg_info
[1.111s] removing '/home/mich-amu/uaows/src/J2D2/Microproyecto_ws/install/camara_pkg/lib/python3.12/site-packages/camara_pkg-0.0.0-py3.12.egg-info' (and everything under it)
[1.111s] Copying ../../build/camara_pkg/camara_pkg.egg-info to /home/mich-amu/uaows/src/J2D2/Microproyecto_ws/install/camara_pkg/lib/python3.12/site-packages/camara_pkg-0.0.0-py3.12.egg-info
[1.112s] running install_scripts
[1.238s] Installing camara_node script to /home/mich-amu/uaows/src/J2D2/Microproyecto_ws/install/camara_pkg/lib/camara_pkg
[1.238s] Installing camera_gui_node script to /home/mich-amu/uaows/src/J2D2/Microproyecto_ws/install/camara_pkg/lib/camara_pkg
[1.238s] Installing guidos script to /home/mich-amu/uaows/src/J2D2/Microproyecto_ws/install/camara_pkg/lib/camara_pkg
[1.239s] Installing movemotors script to /home/mich-amu/uaows/src/J2D2/Microproyecto_ws/install/camara_pkg/lib/camara_pkg
[1.239s] Installing salvatore_mqtt_bridge script to /home/mich-amu/uaows/src/J2D2/Microproyecto_ws/install/camara_pkg/lib/camara_pkg
[1.239s] Installing teleop script to /home/mich-amu/uaows/src/J2D2/Microproyecto_ws/install/camara_pkg/lib/camara_pkg
[1.239s] writing list of installed files to '/home/mich-amu/uaows/src/J2D2/Microproyecto_ws/build/camara_pkg/install.log'
[1.260s] Invoked command in '/home/mich-amu/uaows/src/J2D2/Microproyecto_ws/src/camara_pkg' returned '0': DEBUGINFOD_URLS=https://debuginfod.ubuntu.com PYTHONPATH=/home/mich-amu/uaows/src/J2D2/Microproyecto_ws/build/camara_pkg/prefix_override:/usr/lib/python3/dist-packages/colcon_core/task/python/colcon_distutils_commands:/home/mich-amu/uaows/src/J2D2/Microproyecto_ws/install/camara_pkg/lib/python3.12/site-packages:${PYTHONPATH} /usr/bin/python3 -W ignore:setup.py install is deprecated -W ignore:easy_install command is deprecated setup.py egg_info --egg-base ../../build/camara_pkg build --build-base /home/mich-amu/uaows/src/J2D2/Microproyecto_ws/build/camara_pkg/build install --record /home/mich-amu/uaows/src/J2D2/Microproyecto_ws/build/camara_pkg/install.log --single-version-externally-managed install_data
