/home/mich-amu/uaows/src/J2D2/Microproyecto_ws/src/install/camara_pkg/lib/python3.12/site-packages/camara_pkg/movemotors.py
/home/mich-amu/uaows/src/J2D2/Microproyecto_ws/src/install/camara_pkg/lib/python3.12/site-packages/camara_pkg/guidos.py
/home/mich-amu/uaows/src/J2D2/Microproyecto_ws/src/install/camara_pkg/lib/python3.12/site-packages/camara_pkg/teleop.py
/home/mich-amu/uaows/src/J2D2/Microproyecto_ws/src/install/camara_pkg/lib/python3.12/site-packages/camara_pkg/camara_node.py
/home/mich-amu/uaows/src/J2D2/Microproyecto_ws/src/install/camara_pkg/lib/python3.12/site-packages/camara_pkg/camera_gui_node.py
/home/mich-amu/uaows/src/J2D2/Microproyecto_ws/src/install/camara_pkg/lib/python3.12/site-packages/camara_pkg/__init__.py
/home/mich-amu/uaows/src/J2D2/Microproyecto_ws/src/install/camara_pkg/lib/python3.12/site-packages/camara_pkg/mqtt_bridge_node.py
/home/mich-amu/uaows/src/J2D2/Microproyecto_ws/src/install/camara_pkg/lib/python3.12/site-packages/camara_pkg/__pycache__/movemotors.cpython-312.pyc
/home/mich-amu/uaows/src/J2D2/Microproyecto_ws/src/install/camara_pkg/lib/python3.12/site-packages/camara_pkg/__pycache__/guidos.cpython-312.pyc
/home/mich-amu/uaows/src/J2D2/Microproyecto_ws/src/install/camara_pkg/lib/python3.12/site-packages/camara_pkg/__pycache__/teleop.cpython-312.pyc
/home/mich-amu/uaows/src/J2D2/Microproyecto_ws/src/install/camara_pkg/lib/python3.12/site-packages/camara_pkg/__pycache__/camara_node.cpython-312.pyc
/home/mich-amu/uaows/src/J2D2/Microproyecto_ws/src/install/camara_pkg/lib/python3.12/site-packages/camara_pkg/__pycache__/camera_gui_node.cpython-312.pyc
/home/mich-amu/uaows/src/J2D2/Microproyecto_ws/src/install/camara_pkg/lib/python3.12/site-packages/camara_pkg/__pycache__/__init__.cpython-312.pyc
/home/mich-amu/uaows/src/J2D2/Microproyecto_ws/src/install/camara_pkg/lib/python3.12/site-packages/camara_pkg/__pycache__/mqtt_bridge_node.cpython-312.pyc
/home/mich-amu/uaows/src/J2D2/Microproyecto_ws/src/install/camara_pkg/share/ament_index/resource_index/packages/camara_pkg
/home/mich-amu/uaows/src/J2D2/Microproyecto_ws/src/install/camara_pkg/share/camara_pkg/package.xml
/home/mich-amu/uaows/src/J2D2/Microproyecto_ws/src/install/camara_pkg/share/camara_pkg/launch/micro.launch.py
/home/mich-amu/uaows/src/J2D2/Microproyecto_ws/src/install/camara_pkg/share/camara_pkg/launch/gazebo.launch
/home/mich-amu/uaows/src/J2D2/Microproyecto_ws/src/install/camara_pkg/share/camara_pkg/launch/display.launch
/home/mich-amu/uaows/src/J2D2/Microproyecto_ws/src/install/camara_pkg/share/camara_pkg/urdf/turtlesimm.urdf
/home/mich-amu/uaows/src/J2D2/Microproyecto_ws/src/install/camara_pkg/share/camara_pkg/urdf
/home/mich-amu/uaows/src/J2D2/Microproyecto_ws/src/install/camara_pkg/share/camara_pkg/meshes/Motorizq_Link.STL
/home/mich-amu/uaows/src/J2D2/Microproyecto_ws/src/install/camara_pkg/share/camara_pkg/meshes/base_link.STL
/home/mich-amu/uaows/src/J2D2/Microproyecto_ws/src/install/camara_pkg/share/camara_pkg/meshes/Motorder_Link.STL
/home/mich-amu/uaows/src/J2D2/Microproyecto_ws/src/install/camara_pkg/share/camara_pkg/meshes
/home/mich-amu/uaows/src/J2D2/Microproyecto_ws/src/install/camara_pkg/share/camara_pkg/config
/home/mich-amu/uaows/src/J2D2/Microproyecto_ws/src/install/camara_pkg/share/camara_pkg/config/joint_names_turtlesimm.yaml
/home/mich-amu/uaows/src/J2D2/Microproyecto_ws/src/install/camara_pkg/lib/python3.12/site-packages/camara_pkg-1.0.0-py3.12.egg-info/PKG-INFO
/home/mich-amu/uaows/src/J2D2/Microproyecto_ws/src/install/camara_pkg/lib/python3.12/site-packages/camara_pkg-1.0.0-py3.12.egg-info/zip-safe
/home/mich-amu/uaows/src/J2D2/Microproyecto_ws/src/install/camara_pkg/lib/python3.12/site-packages/camara_pkg-1.0.0-py3.12.egg-info/SOURCES.txt
/home/mich-amu/uaows/src/J2D2/Microproyecto_ws/src/install/camara_pkg/lib/python3.12/site-packages/camara_pkg-1.0.0-py3.12.egg-info/dependency_links.txt
/home/mich-amu/uaows/src/J2D2/Microproyecto_ws/src/install/camara_pkg/lib/python3.12/site-packages/camara_pkg-1.0.0-py3.12.egg-info/top_level.txt
/home/mich-amu/uaows/src/J2D2/Microproyecto_ws/src/install/camara_pkg/lib/python3.12/site-packages/camara_pkg-1.0.0-py3.12.egg-info/requires.txt
/home/mich-amu/uaows/src/J2D2/Microproyecto_ws/src/install/camara_pkg/lib/python3.12/site-packages/camara_pkg-1.0.0-py3.12.egg-info/entry_points.txt
/home/mich-amu/uaows/src/J2D2/Microproyecto_ws/src/install/camara_pkg/lib/camara_pkg/camara_node
/home/mich-amu/uaows/src/J2D2/Microproyecto_ws/src/install/camara_pkg/lib/camara_pkg/camera_gui_node
/home/mich-amu/uaows/src/J2D2/Microproyecto_ws/src/install/camara_pkg/lib/camara_pkg/guidos
/home/mich-amu/uaows/src/J2D2/Microproyecto_ws/src/install/camara_pkg/lib/camara_pkg/movemotors
/home/mich-amu/uaows/src/J2D2/Microproyecto_ws/src/install/camara_pkg/lib/camara_pkg/mqtt_bridge_node
/home/mich-amu/uaows/src/J2D2/Microproyecto_ws/src/install/camara_pkg/lib/camara_pkg/salvatore_mqtt_bridge
/home/mich-amu/uaows/src/J2D2/Microproyecto_ws/src/install/camara_pkg/lib/camara_pkg/teleop
