[0.725s] Invoking command in '/home/camilo/J2D2/Microproyecto_ws/src/camara_pkg': DEBUGINFOD_URLS=https://debuginfod.ubuntu.com PYTHONPATH=/home/camilo/J2D2/build/camara_pkg/prefix_override:/usr/lib/python3/dist-packages/colcon_core/task/python/colcon_distutils_commands:/home/camilo/J2D2/install/camara_pkg/lib/python3.12/site-packages:${PYTHONPATH} /usr/bin/python3 -W ignore:setup.py install is deprecated -W ignore:easy_install command is deprecated setup.py egg_info --egg-base ../../../build/camara_pkg build --build-base /home/camilo/J2D2/build/camara_pkg/build install --record /home/camilo/J2D2/build/camara_pkg/install.log --single-version-externally-managed install_data
[0.897s] running egg_info
[0.897s] creating ../../../build/camara_pkg/camara_pkg.egg-info
[0.909s] writing ../../../build/camara_pkg/camara_pkg.egg-info/PKG-INFO
[0.909s] writing dependency_links to ../../../build/camara_pkg/camara_pkg.egg-info/dependency_links.txt
[0.909s] writing entry points to ../../../build/camara_pkg/camara_pkg.egg-info/entry_points.txt
[0.909s] writing requirements to ../../../build/camara_pkg/camara_pkg.egg-info/requires.txt
[0.909s] writing top-level names to ../../../build/camara_pkg/camara_pkg.egg-info/top_level.txt
[0.909s] writing manifest file '../../../build/camara_pkg/camara_pkg.egg-info/SOURCES.txt'
[0.933s] reading manifest file '../../../build/camara_pkg/camara_pkg.egg-info/SOURCES.txt'
[0.933s] writing manifest file '../../../build/camara_pkg/camara_pkg.egg-info/SOURCES.txt'
[0.934s] running build
[0.934s] running build_py
[0.934s] creating /home/camilo/J2D2/build/camara_pkg/build
[0.934s] creating /home/camilo/J2D2/build/camara_pkg/build/lib
[0.934s] creating /home/camilo/J2D2/build/camara_pkg/build/lib/camara_pkg
[0.934s] copying camara_pkg/movemotors.py -> /home/camilo/J2D2/build/camara_pkg/build/lib/camara_pkg
[0.934s] copying camara_pkg/guidos.py -> /home/camilo/J2D2/build/camara_pkg/build/lib/camara_pkg
[0.934s] copying camara_pkg/teleop.py -> /home/camilo/J2D2/build/camara_pkg/build/lib/camara_pkg
[0.934s] copying camara_pkg/__init__.py -> /home/camilo/J2D2/build/camara_pkg/build/lib/camara_pkg
[0.935s] copying camara_pkg/camera_gui_node.py -> /home/camilo/J2D2/build/camara_pkg/build/lib/camara_pkg
[0.935s] copying camara_pkg/camara_node.py -> /home/camilo/J2D2/build/camara_pkg/build/lib/camara_pkg
[0.935s] running install
[0.938s] running install_lib
[0.950s] creating /home/camilo/J2D2/install/camara_pkg/lib/python3.12/site-packages/camara_pkg
[0.950s] copying /home/camilo/J2D2/build/camara_pkg/build/lib/camara_pkg/movemotors.py -> /home/camilo/J2D2/install/camara_pkg/lib/python3.12/site-packages/camara_pkg
[0.950s] copying /home/camilo/J2D2/build/camara_pkg/build/lib/camara_pkg/guidos.py -> /home/camilo/J2D2/install/camara_pkg/lib/python3.12/site-packages/camara_pkg
[0.950s] copying /home/camilo/J2D2/build/camara_pkg/build/lib/camara_pkg/teleop.py -> /home/camilo/J2D2/install/camara_pkg/lib/python3.12/site-packages/camara_pkg
[0.950s] copying /home/camilo/J2D2/build/camara_pkg/build/lib/camara_pkg/__init__.py -> /home/camilo/J2D2/install/camara_pkg/lib/python3.12/site-packages/camara_pkg
[0.950s] copying /home/camilo/J2D2/build/camara_pkg/build/lib/camara_pkg/camera_gui_node.py -> /home/camilo/J2D2/install/camara_pkg/lib/python3.12/site-packages/camara_pkg
[0.951s] copying /home/camilo/J2D2/build/camara_pkg/build/lib/camara_pkg/camara_node.py -> /home/camilo/J2D2/install/camara_pkg/lib/python3.12/site-packages/camara_pkg
[0.951s] byte-compiling /home/camilo/J2D2/install/camara_pkg/lib/python3.12/site-packages/camara_pkg/movemotors.py to movemotors.cpython-312.pyc
[0.951s] byte-compiling /home/camilo/J2D2/install/camara_pkg/lib/python3.12/site-packages/camara_pkg/guidos.py to guidos.cpython-312.pyc
[0.953s] byte-compiling /home/camilo/J2D2/install/camara_pkg/lib/python3.12/site-packages/camara_pkg/teleop.py to teleop.cpython-312.pyc
[0.955s] byte-compiling /home/camilo/J2D2/install/camara_pkg/lib/python3.12/site-packages/camara_pkg/__init__.py to __init__.cpython-312.pyc
[0.955s] byte-compiling /home/camilo/J2D2/install/camara_pkg/lib/python3.12/site-packages/camara_pkg/camera_gui_node.py to camera_gui_node.cpython-312.pyc
[0.955s] byte-compiling /home/camilo/J2D2/install/camara_pkg/lib/python3.12/site-packages/camara_pkg/camara_node.py to camara_node.cpython-312.pyc
[0.956s] running install_data
[0.956s] creating /home/camilo/J2D2/install/camara_pkg/share/ament_index
[0.956s] creating /home/camilo/J2D2/install/camara_pkg/share/ament_index/resource_index
[0.956s] creating /home/camilo/J2D2/install/camara_pkg/share/ament_index/resource_index/packages
[0.956s] copying resource/camara_pkg -> /home/camilo/J2D2/install/camara_pkg/share/ament_index/resource_index/packages
[0.956s] copying package.xml -> /home/camilo/J2D2/install/camara_pkg/share/camara_pkg
[0.956s] creating /home/camilo/J2D2/install/camara_pkg/share/camara_pkg/launch
[0.956s] copying launch/micro.launch.py -> /home/camilo/J2D2/install/camara_pkg/share/camara_pkg/launch
[0.956s] copying launch/display.launch -> /home/camilo/J2D2/install/camara_pkg/share/camara_pkg/launch
[0.956s] copying launch/gazebo.launch -> /home/camilo/J2D2/install/camara_pkg/share/camara_pkg/launch
[0.956s] creating /home/camilo/J2D2/install/camara_pkg/share/camara_pkg/urdf
[0.956s] copying urdf/turtlesimm.urdf -> /home/camilo/J2D2/install/camara_pkg/share/camara_pkg/urdf
[0.956s] creating /home/camilo/J2D2/install/camara_pkg/share/camara_pkg/meshes
[0.956s] copying meshes/Motorizq_Link.STL -> /home/camilo/J2D2/install/camara_pkg/share/camara_pkg/meshes
[0.956s] copying meshes/base_link.STL -> /home/camilo/J2D2/install/camara_pkg/share/camara_pkg/meshes
[0.957s] copying meshes/Motorder_Link.STL -> /home/camilo/J2D2/install/camara_pkg/share/camara_pkg/meshes
[0.958s] creating /home/camilo/J2D2/install/camara_pkg/share/camara_pkg/config
[0.958s] copying config/joint_names_turtlesimm.yaml -> /home/camilo/J2D2/install/camara_pkg/share/camara_pkg/config
[0.958s] running install_egg_info
[0.971s] Copying ../../../build/camara_pkg/camara_pkg.egg-info to /home/camilo/J2D2/install/camara_pkg/lib/python3.12/site-packages/camara_pkg-0.0.0-py3.12.egg-info
[0.971s] running install_scripts
[1.051s] Installing camara_node script to /home/camilo/J2D2/install/camara_pkg/lib/camara_pkg
[1.051s] Installing camera_gui_node script to /home/camilo/J2D2/install/camara_pkg/lib/camara_pkg
[1.051s] Installing guidos script to /home/camilo/J2D2/install/camara_pkg/lib/camara_pkg
[1.051s] Installing movemotors script to /home/camilo/J2D2/install/camara_pkg/lib/camara_pkg
[1.051s] Installing salvatore_mqtt_bridge script to /home/camilo/J2D2/install/camara_pkg/lib/camara_pkg
[1.051s] Installing teleop script to /home/camilo/J2D2/install/camara_pkg/lib/camara_pkg
[1.051s] writing list of installed files to '/home/camilo/J2D2/build/camara_pkg/install.log'
[1.071s] Invoked command in '/home/camilo/J2D2/Microproyecto_ws/src/camara_pkg' returned '0': DEBUGINFOD_URLS=https://debuginfod.ubuntu.com PYTHONPATH=/home/camilo/J2D2/build/camara_pkg/prefix_override:/usr/lib/python3/dist-packages/colcon_core/task/python/colcon_distutils_commands:/home/camilo/J2D2/install/camara_pkg/lib/python3.12/site-packages:${PYTHONPATH} /usr/bin/python3 -W ignore:setup.py install is deprecated -W ignore:easy_install command is deprecated setup.py egg_info --egg-base ../../../build/camara_pkg build --build-base /home/camilo/J2D2/build/camara_pkg/build install --record /home/camilo/J2D2/build/camara_pkg/install.log --single-version-externally-managed install_data
